Archive member included to satisfy reference by file (symbol)

/Applications/ARM/bin/../lib/gcc/arm-none-eabi/10.2.1/thumb/v6-m/nofp/libgcc.a(_dvmd_tls.o)
                              CMakeFiles/Pico-Three-Way-Serial.dir/Users/nick/Documents/Projects/HeadBoffinWeb/GitHub/pico-sdk/src/rp2_common/pico_divider/divider.S.obj (__aeabi_idiv0)
/Applications/ARM/bin/../lib/gcc/arm-none-eabi/10.2.1/../../../../arm-none-eabi/lib/thumb/v6-m/nofp/libg.a(lib_a-calloc.o)
                              CMakeFiles/Pico-Three-Way-Serial.dir/Users/nick/Documents/Projects/HeadBoffinWeb/GitHub/pico-sdk/src/rp2_common/pico_malloc/pico_malloc.c.obj (calloc)
/Applications/ARM/bin/../lib/gcc/arm-none-eabi/10.2.1/../../../../arm-none-eabi/lib/thumb/v6-m/nofp/libg.a(lib_a-callocr.o)
                              /Applications/ARM/bin/../lib/gcc/arm-none-eabi/10.2.1/../../../../arm-none-eabi/lib/thumb/v6-m/nofp/libg.a(lib_a-calloc.o) (_calloc_r)
/Applications/ARM/bin/../lib/gcc/arm-none-eabi/10.2.1/../../../../arm-none-eabi/lib/thumb/v6-m/nofp/libg.a(lib_a-ctype_.o)
                              CMakeFiles/Pico-Three-Way-Serial.dir/Users/nick/Documents/Projects/HeadBoffinWeb/GitHub/pico-sdk/lib/tinyusb/src/tusb.c.obj (_ctype_)
/Applications/ARM/bin/../lib/gcc/arm-none-eabi/10.2.1/../../../../arm-none-eabi/lib/thumb/v6-m/nofp/libg.a(lib_a-impure.o)
                              /Applications/ARM/bin/../lib/gcc/arm-none-eabi/10.2.1/../../../../arm-none-eabi/lib/thumb/v6-m/nofp/libg.a(lib_a-calloc.o) (_impure_ptr)
/Applications/ARM/bin/../lib/gcc/arm-none-eabi/10.2.1/../../../../arm-none-eabi/lib/thumb/v6-m/nofp/libg.a(lib_a-init.o)
                              /Applications/ARM/bin/../lib/gcc/arm-none-eabi/10.2.1/../../../../arm-none-eabi/lib/thumb/v6-m/nofp/crt0.o (__libc_init_array)
/Applications/ARM/bin/../lib/gcc/arm-none-eabi/10.2.1/../../../../arm-none-eabi/lib/thumb/v6-m/nofp/libg.a(lib_a-malloc.o)
                              CMakeFiles/Pico-Three-Way-Serial.dir/Users/nick/Documents/Projects/HeadBoffinWeb/GitHub/pico-sdk/src/rp2_common/pico_malloc/pico_malloc.c.obj (malloc)
/Applications/ARM/bin/../lib/gcc/arm-none-eabi/10.2.1/../../../../arm-none-eabi/lib/thumb/v6-m/nofp/libg.a(lib_a-mallocr.o)
                              /Applications/ARM/bin/../lib/gcc/arm-none-eabi/10.2.1/../../../../arm-none-eabi/lib/thumb/v6-m/nofp/libg.a(lib_a-callocr.o) (_malloc_r)
/Applications/ARM/bin/../lib/gcc/arm-none-eabi/10.2.1/../../../../arm-none-eabi/lib/thumb/v6-m/nofp/libg.a(lib_a-mlock.o)
                              /Applications/ARM/bin/../lib/gcc/arm-none-eabi/10.2.1/../../../../arm-none-eabi/lib/thumb/v6-m/nofp/libg.a(lib_a-mallocr.o) (__malloc_lock)
/Applications/ARM/bin/../lib/gcc/arm-none-eabi/10.2.1/../../../../arm-none-eabi/lib/thumb/v6-m/nofp/libg.a(lib_a-sbrkr.o)
                              /Applications/ARM/bin/../lib/gcc/arm-none-eabi/10.2.1/../../../../arm-none-eabi/lib/thumb/v6-m/nofp/libg.a(lib_a-mallocr.o) (_sbrk_r)
/Applications/ARM/bin/../lib/gcc/arm-none-eabi/10.2.1/../../../../arm-none-eabi/lib/thumb/v6-m/nofp/libg.a(lib_a-strlen-stub.o)
                              CMakeFiles/Pico-Three-Way-Serial.dir/Users/nick/Documents/Projects/HeadBoffinWeb/GitHub/pico-sdk/src/rp2_common/pico_stdio/stdio.c.obj (strlen)
/Applications/ARM/bin/../lib/gcc/arm-none-eabi/10.2.1/../../../../arm-none-eabi/lib/thumb/v6-m/nofp/libg.a(lib_a-freer.o)
                              /Applications/ARM/bin/../lib/gcc/arm-none-eabi/10.2.1/../../../../arm-none-eabi/lib/thumb/v6-m/nofp/libg.a(lib_a-malloc.o) (_free_r)
/Applications/ARM/bin/../lib/gcc/arm-none-eabi/10.2.1/../../../../arm-none-eabi/lib/thumb/v6-m/nofp/libg.a(lib_a-lock.o)
                              /Applications/ARM/bin/../lib/gcc/arm-none-eabi/10.2.1/../../../../arm-none-eabi/lib/thumb/v6-m/nofp/libg.a(lib_a-mlock.o) (__retarget_lock_acquire_recursive)
/Applications/ARM/bin/../lib/gcc/arm-none-eabi/10.2.1/../../../../arm-none-eabi/lib/thumb/v6-m/nofp/libg.a(lib_a-reent.o)
                              /Applications/ARM/bin/../lib/gcc/arm-none-eabi/10.2.1/../../../../arm-none-eabi/lib/thumb/v6-m/nofp/libg.a(lib_a-sbrkr.o) (errno)

Discarded input sections

 .text          0x0000000000000000        0x0 /Applications/ARM/bin/../lib/gcc/arm-none-eabi/10.2.1/thumb/v6-m/nofp/crti.o
 .data          0x0000000000000000        0x0 /Applications/ARM/bin/../lib/gcc/arm-none-eabi/10.2.1/thumb/v6-m/nofp/crti.o
 .bss           0x0000000000000000        0x0 /Applications/ARM/bin/../lib/gcc/arm-none-eabi/10.2.1/thumb/v6-m/nofp/crti.o
 .data          0x0000000000000000        0x4 /Applications/ARM/bin/../lib/gcc/arm-none-eabi/10.2.1/thumb/v6-m/nofp/crtbegin.o
 .rodata        0x0000000000000000       0x24 /Applications/ARM/bin/../lib/gcc/arm-none-eabi/10.2.1/thumb/v6-m/nofp/crtbegin.o
 .fini_array    0x0000000000000000        0x4 /Applications/ARM/bin/../lib/gcc/arm-none-eabi/10.2.1/thumb/v6-m/nofp/crtbegin.o
[...]
Memory Configuration

Name             Origin             Length             Attributes
FLASH            0x0000000010000000 0x0000000000200000 xr
RAM              0x0000000020000000 0x0000000000040000 xrw
SCRATCH_X        0x0000000020040000 0x0000000000001000 xrw
SCRATCH_Y        0x0000000020041000 0x0000000000001000 xrw
*default*        0x0000000000000000 0xffffffffffffffff

Linker script and memory map

LOAD /Applications/ARM/bin/../lib/gcc/arm-none-eabi/10.2.1/thumb/v6-m/nofp/crti.o
LOAD /Applications/ARM/bin/../lib/gcc/arm-none-eabi/10.2.1/thumb/v6-m/nofp/crtbegin.o
LOAD /Applications/ARM/bin/../lib/gcc/arm-none-eabi/10.2.1/../../../../arm-none-eabi/lib/thumb/v6-m/nofp/crt0.o

.flash_begin    0x0000000010000000        0x0
                0x0000000010000000                __flash_binary_start = .

.boot2          0x0000000010000000      0x100
                0x0000000010000000                __boot2_start__ = .
 *(.boot2)
 .boot2         0x0000000010000000      0x100 /var/folders/0m/8cv_pwds47dc_nynd5kf8v740000gp/T//ccFf7uY2.o
                0x0000000010000100                __boot2_end__ = .
                0x0000000000000001                ASSERT (((__boot2_end__ - __boot2_start__) == 0x100), ERROR: Pico second stage bootloader must be 256 bytes in size)

.text           0x0000000010000100     0x7398
                0x0000000010000100                __logical_binary_start = .
 *(.vectors)
 .vectors       0x0000000010000100       0xd4 CMakeFiles/Pico-Three-Way-Serial.dir/Users/nick/Documents/Projects/HeadBoffinWeb/GitHub/pico-sdk/src/rp2_common/pico_standard_link/crt0.S.obj
                0x0000000010000100                __vectors
                0x00000000100001c0                isr_invalid
                0x00000000100001c2                isr_nmi
                0x00000000100001c4                isr_hardfault
                0x00000000100001c6                isr_svcall
                0x00000000100001c8                isr_pendsv
                0x00000000100001ca                isr_systick
                0x00000000100001cc                isr_irq23
                0x00000000100001cc                isr_irq18
                0x00000000100001cc                isr_irq28
                0x00000000100001cc                isr_irq19
                0x00000000100001cc                isr_irq0
                0x00000000100001cc                isr_irq6
                0x00000000100001cc                isr_irq22
                0x00000000100001cc                isr_irq17
                0x00000000100001cc                isr_irq14
                0x00000000100001cc                isr_irq2
                0x00000000100001cc                isr_irq10
                0x00000000100001cc                isr_irq8
                0x00000000100001cc                isr_irq24
                0x00000000100001cc                isr_irq1
                0x00000000100001cc                isr_irq7
                0x00000000100001cc                isr_irq21
                0x00000000100001cc                isr_irq20
                0x00000000100001cc                isr_irq15
                0x00000000100001cc                isr_irq25
                0x00000000100001cc                isr_irq4
                0x00000000100001cc                isr_irq16
                0x00000000100001cc                isr_irq29
                0x00000000100001cc                isr_irq26
                0x00000000100001cc                isr_irq3
                0x00000000100001cc                isr_irq9
                0x00000000100001cc                __unhandled_user_irq
                0x00000000100001cc                isr_irq13
                0x00000000100001cc                isr_irq27
                0x00000000100001cc                isr_irq31
                0x00000000100001cc                isr_irq5
                0x00000000100001cc                isr_irq11
                0x00000000100001cc                isr_irq30
                0x00000000100001cc                isr_irq12
                0x00000000100001d2                unhandled_user_irq_num_in_r0
 *(.binary_info_header)
 .binary_info_header
                0x00000000100001d4       0x14 CMakeFiles/Pico-Three-Way-Serial.dir/Users/nick/Documents/Projects/HeadBoffinWeb/GitHub/pico-sdk/src/rp2_common/pico_standard_link/crt0.S.obj
                0x00000000100001e8                __binary_info_header_end = .
 *(.reset)
 .reset         0x00000000100001e8       0xa8 CMakeFiles/Pico-Three-Way-Serial.dir/Users/nick/Documents/Projects/HeadBoffinWeb/GitHub/pico-sdk/src/rp2_common/pico_standard_link/crt0.S.obj
                0x00000000100001e8                _entry_point
                0x0000000010000266                __get_current_exception
 .reset         0x0000000010000290       0x30 CMakeFiles/Pico-Three-Way-Serial.dir/Users/nick/Documents/Projects/HeadBoffinWeb/GitHub/pico-sdk/src/rp2_common/pico_standard_link/binary_info.c.obj
 *(.init)
 .init          0x00000000100002c0        0x4 /Applications/ARM/bin/../lib/gcc/arm-none-eabi/10.2.1/thumb/v6-m/nofp/crti.o
                0x00000000100002c0                _init
 *(EXCLUDE_FILE(*libm.a: *libc.a:*lib_a-mem*.o *libgcc.a:) .text*)
 .text          0x00000000100002c4       0x48 /Applications/ARM/bin/../lib/gcc/arm-none-eabi/10.2.1/thumb/v6-m/nofp/crtbegin.o
 .text._Z5delaym
                0x000000001000030c       0x16 CMakeFiles/Pico-Three-Way-Serial.dir/Pico-Three-Way-Serial.cpp.obj
                0x000000001000030c                delay(unsigned long)
 .text._Z5flashhhh
                0x0000000010000322       0x3a CMakeFiles/Pico-Three-Way-Serial.dir/Pico-Three-Way-Serial.cpp.obj
                0x0000000010000322                flash(unsigned char, unsigned char, unsigned char)
 .text.main     0x000000001000035c      0x218 CMakeFiles/Pico-Three-Way-Serial.dir/Pico-Three-Way-Serial.cpp.obj
                0x000000001000035c                main
 .text.gpio_set_function
                0x0000000010000574       0x30 CMakeFiles/Pico-Three-Way-Serial.dir/Users/nick/Documents/Projects/HeadBoffinWeb/GitHub/pico-sdk/src/rp2_common/hardware_gpio/gpio.c.obj
                0x0000000010000574                gpio_set_function
 .text.gpio_init
                0x00000000100005a4       0x16 CMakeFiles/Pico-Three-Way-Serial.dir/Users/nick/Documents/Projects/HeadBoffinWeb/GitHub/pico-sdk/src/rp2_common/hardware_gpio/gpio.c.obj
                0x00000000100005a4                gpio_init
 *fill*         0x00000000100005ba        0x2 
 .text.hw_claim_lock
                0x00000000100005bc       0x18 CMakeFiles/Pico-Three-Way-Serial.dir/Users/nick/Documents/Projects/HeadBoffinWeb/GitHub/pico-sdk/src/rp2_common/hardware_claim/claim.c.obj
                0x00000000100005bc                hw_claim_lock
 .text.hw_claim_unlock
                0x00000000100005d4       0x14 CMakeFiles/Pico-Three-Way-Serial.dir/Users/nick/Documents/Projects/HeadBoffinWeb/GitHub/pico-sdk/src/rp2_common/hardware_claim/claim.c.obj
                0x00000000100005d4                hw_claim_unlock
 .text.hw_claim_or_assert
                0x00000000100005e8       0x34 CMakeFiles/Pico-Three-Way-Serial.dir/Users/nick/Documents/Projects/HeadBoffinWeb/GitHub/pico-sdk/src/rp2_common/hardware_claim/claim.c.obj
                0x00000000100005e8                hw_claim_or_assert
 .text.hw_claim_unused_from_range
                0x000000001000061c       0x56 CMakeFiles/Pico-Three-Way-Serial.dir/Users/nick/Documents/Projects/HeadBoffinWeb/GitHub/pico-sdk/src/rp2_common/hardware_claim/claim.c.obj
                0x000000001000061c                hw_claim_unused_from_range
 *fill*         0x0000000010000672        0x2 
 .text.spin_locks_reset
                0x0000000010000674       0x20 CMakeFiles/Pico-Three-Way-Serial.dir/Users/nick/Documents/Projects/HeadBoffinWeb/GitHub/pico-sdk/src/rp2_common/hardware_sync/sync.c.obj
                0x0000000010000674                spin_locks_reset
 .text.next_striped_spin_lock_num
                0x0000000010000694       0x1c CMakeFiles/Pico-Three-Way-Serial.dir/Users/nick/Documents/Projects/HeadBoffinWeb/GitHub/pico-sdk/src/rp2_common/hardware_sync/sync.c.obj
                0x0000000010000694                next_striped_spin_lock_num
 .text.spin_lock_claim_unused
                0x00000000100006b0       0x20 CMakeFiles/Pico-Three-Way-Serial.dir/Users/nick/Documents/Projects/HeadBoffinWeb/GitHub/pico-sdk/src/rp2_common/hardware_sync/sync.c.obj
                0x00000000100006b0                spin_lock_claim_unused
 .text.running_on_fpga
                0x00000000100006d0       0x14 CMakeFiles/Pico-Three-Way-Serial.dir/Users/nick/Documents/Projects/HeadBoffinWeb/GitHub/pico-sdk/src/rp2_common/pico_platform/platform.c.obj
                0x00000000100006d0                running_on_fpga
 .text.uart_set_baudrate
                0x00000000100006e4       0x64 CMakeFiles/Pico-Three-Way-Serial.dir/Users/nick/Documents/Projects/HeadBoffinWeb/GitHub/pico-sdk/src/rp2_common/hardware_uart/uart.c.obj
                0x00000000100006e4                uart_set_baudrate
 .text.uart_set_translate_crlf
                0x0000000010000748       0x28 CMakeFiles/Pico-Three-Way-Serial.dir/Users/nick/Documents/Projects/HeadBoffinWeb/GitHub/pico-sdk/src/rp2_common/hardware_uart/uart.c.obj
                0x0000000010000748                uart_set_translate_crlf
 .text.uart_init
                0x0000000010000770       0x80 CMakeFiles/Pico-Three-Way-Serial.dir/Users/nick/Documents/Projects/HeadBoffinWeb/GitHub/pico-sdk/src/rp2_common/hardware_uart/uart.c.obj
                0x0000000010000770                uart_init
 .text.uart_is_readable_within_us
                0x00000000100007f0       0x20 CMakeFiles/Pico-Three-Way-Serial.dir/Users/nick/Documents/Projects/HeadBoffinWeb/GitHub/pico-sdk/src/rp2_common/hardware_uart/uart.c.obj
                0x00000000100007f0                uart_is_readable_within_us
 .text.sev_callback
                0x0000000010000810        0x8 CMakeFiles/Pico-Three-Way-Serial.dir/Users/nick/Documents/Projects/HeadBoffinWeb/GitHub/pico-sdk/src/common/pico_time/time.c.obj
 .text.timer_pool_entry_comparator
                0x0000000010000818       0x7c CMakeFiles/Pico-Three-Way-Serial.dir/Users/nick/Documents/Projects/HeadBoffinWeb/GitHub/pico-sdk/src/common/pico_time/time.c.obj
                0x0000000010000818                timer_pool_entry_comparator
 .text.ph_add_child_node
                0x0000000010000894       0xa4 CMakeFiles/Pico-Three-Way-Serial.dir/Users/nick/Documents/Projects/HeadBoffinWeb/GitHub/pico-sdk/src/common/pico_time/time.c.obj
 .text.ph_merge_nodes
                0x0000000010000938       0x3e CMakeFiles/Pico-Three-Way-Serial.dir/Users/nick/Documents/Projects/HeadBoffinWeb/GitHub/pico-sdk/src/common/pico_time/time.c.obj
 *fill*         0x0000000010000976        0x2 
 .text.add_alarm_under_lock
                0x0000000010000978      0x178 CMakeFiles/Pico-Three-Way-Serial.dir/Users/nick/Documents/Projects/HeadBoffinWeb/GitHub/pico-sdk/src/common/pico_time/time.c.obj
 .text.alarm_pool_alarm_callback
                0x0000000010000af0      0x2e4 CMakeFiles/Pico-Three-Way-Serial.dir/Users/nick/Documents/Projects/HeadBoffinWeb/GitHub/pico-sdk/src/common/pico_time/time.c.obj
 .text.alarm_pool_get_default
                0x0000000010000dd4       0x28 CMakeFiles/Pico-Three-Way-Serial.dir/Users/nick/Documents/Projects/HeadBoffinWeb/GitHub/pico-sdk/src/common/pico_time/time.c.obj
                0x0000000010000dd4                alarm_pool_get_default
 .text.alarm_pool_create
                0x0000000010000dfc       0x6c CMakeFiles/Pico-Three-Way-Serial.dir/Users/nick/Documents/Projects/HeadBoffinWeb/GitHub/pico-sdk/src/common/pico_time/time.c.obj
                0x0000000010000dfc                alarm_pool_create
 .text.alarm_pool_init_default
                0x0000000010000e68       0x20 CMakeFiles/Pico-Three-Way-Serial.dir/Users/nick/Documents/Projects/HeadBoffinWeb/GitHub/pico-sdk/src/common/pico_time/time.c.obj
                0x0000000010000e68                alarm_pool_init_default
 .text.alarm_pool_add_alarm_at
                0x0000000010000e88      0x128 CMakeFiles/Pico-Three-Way-Serial.dir/Users/nick/Documents/Projects/HeadBoffinWeb/GitHub/pico-sdk/src/common/pico_time/time.c.obj
                0x0000000010000e88                alarm_pool_add_alarm_at
 .text.alarm_pool_cancel_alarm
                0x0000000010000fb0       0xec CMakeFiles/Pico-Three-Way-Serial.dir/Users/nick/Documents/Projects/HeadBoffinWeb/GitHub/pico-sdk/src/common/pico_time/time.c.obj
                0x0000000010000fb0                alarm_pool_cancel_alarm
 .text.best_effort_wfe_or_timeout
                0x000000001000109c       0x80 CMakeFiles/Pico-Three-Way-Serial.dir/Users/nick/Documents/Projects/HeadBoffinWeb/GitHub/pico-sdk/src/common/pico_time/time.c.obj
                0x000000001000109c                best_effort_wfe_or_timeout
 .text.hardware_alarm_irq_handler
                0x000000001000111c       0x8c CMakeFiles/Pico-Three-Way-Serial.dir/Users/nick/Documents/Projects/HeadBoffinWeb/GitHub/pico-sdk/src/rp2_common/hardware_timer/timer.c.obj
 .text.hardware_alarm_claim
                0x00000000100011a8       0x18 CMakeFiles/Pico-Three-Way-Serial.dir/Users/nick/Documents/Projects/HeadBoffinWeb/GitHub/pico-sdk/src/rp2_common/hardware_timer/timer.c.obj
                0x00000000100011a8                hardware_alarm_claim
 .text.time_us_64
                0x00000000100011c0       0x18 CMakeFiles/Pico-Three-Way-Serial.dir/Users/nick/Documents/Projects/HeadBoffinWeb/GitHub/pico-sdk/src/rp2_common/hardware_timer/timer.c.obj
                0x00000000100011c0                time_us_64
 .text.busy_wait_until
                0x00000000100011d8       0x28 CMakeFiles/Pico-Three-Way-Serial.dir/Users/nick/Documents/Projects/HeadBoffinWeb/GitHub/pico-sdk/src/rp2_common/hardware_timer/timer.c.obj
                0x00000000100011d8                busy_wait_until
 .text.busy_wait_us
                0x0000000010001200       0x2c CMakeFiles/Pico-Three-Way-Serial.dir/Users/nick/Documents/Projects/HeadBoffinWeb/GitHub/pico-sdk/src/rp2_common/hardware_timer/timer.c.obj
                0x0000000010001200                busy_wait_us
 .text.hardware_alarm_set_callback
                0x000000001000122c       0x90 CMakeFiles/Pico-Three-Way-Serial.dir/Users/nick/Documents/Projects/HeadBoffinWeb/GitHub/pico-sdk/src/rp2_common/hardware_timer/timer.c.obj
                0x000000001000122c                hardware_alarm_set_callback
 .text.hardware_alarm_set_target
                0x00000000100012bc       0xd0 CMakeFiles/Pico-Three-Way-Serial.dir/Users/nick/Documents/Projects/HeadBoffinWeb/GitHub/pico-sdk/src/rp2_common/hardware_timer/timer.c.obj
                0x00000000100012bc                hardware_alarm_set_target
 .text.hardware_alarm_cancel
                0x000000001000138c       0x40 CMakeFiles/Pico-Three-Way-Serial.dir/Users/nick/Documents/Projects/HeadBoffinWeb/GitHub/pico-sdk/src/rp2_common/hardware_timer/timer.c.obj
                0x000000001000138c                hardware_alarm_cancel
 .text.lock_init
                0x00000000100013cc       0x30 CMakeFiles/Pico-Three-Way-Serial.dir/Users/nick/Documents/Projects/HeadBoffinWeb/GitHub/pico-sdk/src/common/pico_sync/lock_core.c.obj
                0x00000000100013cc                lock_init
 .text.mutex_init
                0x00000000100013fc       0x1a CMakeFiles/Pico-Three-Way-Serial.dir/Users/nick/Documents/Projects/HeadBoffinWeb/GitHub/pico-sdk/src/common/pico_sync/mutex.c.obj
                0x00000000100013fc                mutex_init
 .text.critical_section_init_with_lock_num
                0x0000000010001416        0xc CMakeFiles/Pico-Three-Way-Serial.dir/Users/nick/Documents/Projects/HeadBoffinWeb/GitHub/pico-sdk/src/common/pico_sync/critical_section.c.obj
                0x0000000010001416                critical_section_init_with_lock_num
 .text.critical_section_init
                0x0000000010001422       0x14 CMakeFiles/Pico-Three-Way-Serial.dir/Users/nick/Documents/Projects/HeadBoffinWeb/GitHub/pico-sdk/src/common/pico_sync/critical_section.c.obj
                0x0000000010001422                critical_section_init
 *fill*         0x0000000010001436        0x2 
 .text.ph_add_child_node
                0x0000000010001438       0xa4 CMakeFiles/Pico-Three-Way-Serial.dir/Users/nick/Documents/Projects/HeadBoffinWeb/GitHub/pico-sdk/src/common/pico_util/pheap.c.obj
 .text.ph_merge_nodes
                0x00000000100014dc       0x3e CMakeFiles/Pico-Three-Way-Serial.dir/Users/nick/Documents/Projects/HeadBoffinWeb/GitHub/pico-sdk/src/common/pico_util/pheap.c.obj
 *fill*         0x000000001000151a        0x2 
 .text.ph_clear
                0x000000001000151c       0x74 CMakeFiles/Pico-Three-Way-Serial.dir/Users/nick/Documents/Projects/HeadBoffinWeb/GitHub/pico-sdk/src/common/pico_util/pheap.c.obj
                0x000000001000151c                ph_clear
 .text.ph_create
                0x0000000010001590       0x2c CMakeFiles/Pico-Three-Way-Serial.dir/Users/nick/Documents/Projects/HeadBoffinWeb/GitHub/pico-sdk/src/common/pico_util/pheap.c.obj
                0x0000000010001590                ph_create
 .text.ph_merge_two_pass
                0x00000000100015bc       0xa8 CMakeFiles/Pico-Three-Way-Serial.dir/Users/nick/Documents/Projects/HeadBoffinWeb/GitHub/pico-sdk/src/common/pico_util/pheap.c.obj
                0x00000000100015bc                ph_merge_two_pass
 .text.ph_remove_any_head
                0x0000000010001664      0x108 CMakeFiles/Pico-Three-Way-Serial.dir/Users/nick/Documents/Projects/HeadBoffinWeb/GitHub/pico-sdk/src/common/pico_util/pheap.c.obj
 .text.ph_remove_head_reserve
                0x000000001000176c       0x14 CMakeFiles/Pico-Three-Way-Serial.dir/Users/nick/Documents/Projects/HeadBoffinWeb/GitHub/pico-sdk/src/common/pico_util/pheap.c.obj
                0x000000001000176c                ph_remove_head_reserve
 .text.ph_delete
                0x0000000010001780       0xf8 CMakeFiles/Pico-Three-Way-Serial.dir/Users/nick/Documents/Projects/HeadBoffinWeb/GitHub/pico-sdk/src/common/pico_util/pheap.c.obj
                0x0000000010001780                ph_delete
 .text.runtime_init
                0x0000000010001878       0xcc CMakeFiles/Pico-Three-Way-Serial.dir/Users/nick/Documents/Projects/HeadBoffinWeb/GitHub/pico-sdk/src/rp2_common/pico_runtime/runtime.c.obj
                0x0000000010001878                runtime_init
 .text._exit    0x0000000010001944        0x4 CMakeFiles/Pico-Three-Way-Serial.dir/Users/nick/Documents/Projects/HeadBoffinWeb/GitHub/pico-sdk/src/rp2_common/pico_runtime/runtime.c.obj
                0x0000000010001944                _exit
 .text._sbrk    0x0000000010001948       0x38 CMakeFiles/Pico-Three-Way-Serial.dir/Users/nick/Documents/Projects/HeadBoffinWeb/GitHub/pico-sdk/src/rp2_common/pico_runtime/runtime.c.obj
                0x0000000010001948                _sbrk
 .text.exit     0x0000000010001980        0x6 CMakeFiles/Pico-Three-Way-Serial.dir/Users/nick/Documents/Projects/HeadBoffinWeb/GitHub/pico-sdk/src/rp2_common/pico_runtime/runtime.c.obj
                0x0000000010001980                exit
 *fill*         0x0000000010001986        0x2 
 .text.__assert_func
                0x0000000010001988       0x3c CMakeFiles/Pico-Three-Way-Serial.dir/Users/nick/Documents/Projects/HeadBoffinWeb/GitHub/pico-sdk/src/rp2_common/pico_runtime/runtime.c.obj
                0x0000000010001988                __assert_func
 .text.panic    0x00000000100019c4       0x30 CMakeFiles/Pico-Three-Way-Serial.dir/Users/nick/Documents/Projects/HeadBoffinWeb/GitHub/pico-sdk/src/rp2_common/pico_runtime/runtime.c.obj
                0x00000000100019c4                panic
 .text.clock_configure
                0x00000000100019f4       0xe8 CMakeFiles/Pico-Three-Way-Serial.dir/Users/nick/Documents/Projects/HeadBoffinWeb/GitHub/pico-sdk/src/rp2_common/hardware_clocks/clocks.c.obj
                0x00000000100019f4                clock_configure
 .text.clocks_init
                0x0000000010001adc      0x124 CMakeFiles/Pico-Three-Way-Serial.dir/Users/nick/Documents/Projects/HeadBoffinWeb/GitHub/pico-sdk/src/rp2_common/hardware_clocks/clocks.c.obj
                0x0000000010001adc                clocks_init
 .text.clock_get_hz
                0x0000000010001c00        0xc CMakeFiles/Pico-Three-Way-Serial.dir/Users/nick/Documents/Projects/HeadBoffinWeb/GitHub/pico-sdk/src/rp2_common/hardware_clocks/clocks.c.obj
                0x0000000010001c00                clock_get_hz
 .text.watchdog_start_tick
                0x0000000010001c0c       0x10 CMakeFiles/Pico-Three-Way-Serial.dir/Users/nick/Documents/Projects/HeadBoffinWeb/GitHub/pico-sdk/src/rp2_common/hardware_watchdog/watchdog.c.obj
                0x0000000010001c0c                watchdog_start_tick
 .text.xosc_init
                0x0000000010001c1c       0x28 CMakeFiles/Pico-Three-Way-Serial.dir/Users/nick/Documents/Projects/HeadBoffinWeb/GitHub/pico-sdk/src/rp2_common/hardware_xosc/xosc.c.obj
                0x0000000010001c1c                xosc_init
 .text.pll_init
                0x0000000010001c44       0xd4 CMakeFiles/Pico-Three-Way-Serial.dir/Users/nick/Documents/Projects/HeadBoffinWeb/GitHub/pico-sdk/src/rp2_common/hardware_pll/pll.c.obj
                0x0000000010001c44                pll_init
 .text.set_raw_irq_handler_and_unlock
                0x0000000010001d18       0x28 CMakeFiles/Pico-Three-Way-Serial.dir/Users/nick/Documents/Projects/HeadBoffinWeb/GitHub/pico-sdk/src/rp2_common/hardware_irq/irq.c.obj
 .text.make_branch
                0x0000000010001d40       0x34 CMakeFiles/Pico-Three-Way-Serial.dir/Users/nick/Documents/Projects/HeadBoffinWeb/GitHub/pico-sdk/src/rp2_common/hardware_irq/irq.c.obj
 .text.insert_branch_and_link
                0x0000000010001d74       0x40 CMakeFiles/Pico-Three-Way-Serial.dir/Users/nick/Documents/Projects/HeadBoffinWeb/GitHub/pico-sdk/src/rp2_common/hardware_irq/irq.c.obj
 .text.irq_is_enabled
                0x0000000010001db4       0x18 CMakeFiles/Pico-Three-Way-Serial.dir/Users/nick/Documents/Projects/HeadBoffinWeb/GitHub/pico-sdk/src/rp2_common/hardware_irq/irq.c.obj
                0x0000000010001db4                irq_is_enabled
 .text.irq_set_mask_enabled
                0x0000000010001dcc       0x20 CMakeFiles/Pico-Three-Way-Serial.dir/Users/nick/Documents/Projects/HeadBoffinWeb/GitHub/pico-sdk/src/rp2_common/hardware_irq/irq.c.obj
                0x0000000010001dcc                irq_set_mask_enabled
 .text.irq_set_enabled
                0x0000000010001dec        0xe CMakeFiles/Pico-Three-Way-Serial.dir/Users/nick/Documents/Projects/HeadBoffinWeb/GitHub/pico-sdk/src/rp2_common/hardware_irq/irq.c.obj
                0x0000000010001dec                irq_set_enabled
 *fill*         0x0000000010001dfa        0x2 
 .text.irq_set_pending
                0x0000000010001dfc       0x10 CMakeFiles/Pico-Three-Way-Serial.dir/Users/nick/Documents/Projects/HeadBoffinWeb/GitHub/pico-sdk/src/rp2_common/hardware_irq/irq.c.obj
                0x0000000010001dfc                irq_set_pending
 .text.irq_get_vtable_handler
                0x0000000010001e0c       0x10 CMakeFiles/Pico-Three-Way-Serial.dir/Users/nick/Documents/Projects/HeadBoffinWeb/GitHub/pico-sdk/src/rp2_common/hardware_irq/irq.c.obj
                0x0000000010001e0c                irq_get_vtable_handler
 .text.irq_set_exclusive_handler
                0x0000000010001e1c       0x54 CMakeFiles/Pico-Three-Way-Serial.dir/Users/nick/Documents/Projects/HeadBoffinWeb/GitHub/pico-sdk/src/rp2_common/hardware_irq/irq.c.obj
                0x0000000010001e1c                irq_set_exclusive_handler
 .text.irq_remove_handler
                0x0000000010001e70      0x1b4 CMakeFiles/Pico-Three-Way-Serial.dir/Users/nick/Documents/Projects/HeadBoffinWeb/GitHub/pico-sdk/src/rp2_common/hardware_irq/irq.c.obj
                0x0000000010001e70                irq_remove_handler
 .text.irq_set_priority
                0x0000000010002024       0x28 CMakeFiles/Pico-Three-Way-Serial.dir/Users/nick/Documents/Projects/HeadBoffinWeb/GitHub/pico-sdk/src/rp2_common/hardware_irq/irq.c.obj
                0x0000000010002024                irq_set_priority
 .text.irq_add_tail_to_free_list
                0x000000001000204c       0xf8 CMakeFiles/Pico-Three-Way-Serial.dir/Users/nick/Documents/Projects/HeadBoffinWeb/GitHub/pico-sdk/src/rp2_common/hardware_irq/irq.c.obj
                0x000000001000204c                irq_add_tail_to_free_list
 .text.irq_init_priorities
                0x0000000010002144       0x16 CMakeFiles/Pico-Three-Way-Serial.dir/Users/nick/Documents/Projects/HeadBoffinWeb/GitHub/pico-sdk/src/rp2_common/hardware_irq/irq.c.obj
                0x0000000010002144                irq_init_priorities
 .text._out_null
                0x000000001000215a        0x2 CMakeFiles/Pico-Three-Way-Serial.dir/Users/nick/Documents/Projects/HeadBoffinWeb/GitHub/pico-sdk/src/rp2_common/pico_printf/printf.c.obj
 .text._out_fct
                0x000000001000215c        0xe CMakeFiles/Pico-Three-Way-Serial.dir/Users/nick/Documents/Projects/HeadBoffinWeb/GitHub/pico-sdk/src/rp2_common/pico_printf/printf.c.obj
 .text._atoi    0x000000001000216a       0x24 CMakeFiles/Pico-Three-Way-Serial.dir/Users/nick/Documents/Projects/HeadBoffinWeb/GitHub/pico-sdk/src/rp2_common/pico_printf/printf.c.obj
 .text._out_rev
                0x000000001000218e       0xae CMakeFiles/Pico-Three-Way-Serial.dir/Users/nick/Documents/Projects/HeadBoffinWeb/GitHub/pico-sdk/src/rp2_common/pico_printf/printf.c.obj
 .text._ntoa_format
                0x000000001000223c      0x112 CMakeFiles/Pico-Three-Way-Serial.dir/Users/nick/Documents/Projects/HeadBoffinWeb/GitHub/pico-sdk/src/rp2_common/pico_printf/printf.c.obj
 .text._ntoa_long
                0x000000001000234e       0xbc CMakeFiles/Pico-Three-Way-Serial.dir/Users/nick/Documents/Projects/HeadBoffinWeb/GitHub/pico-sdk/src/rp2_common/pico_printf/printf.c.obj
 .text._ntoa_long_long
                0x000000001000240a       0xe2 CMakeFiles/Pico-Three-Way-Serial.dir/Users/nick/Documents/Projects/HeadBoffinWeb/GitHub/pico-sdk/src/rp2_common/pico_printf/printf.c.obj
 .text._etoa    0x00000000100024ec      0x404 CMakeFiles/Pico-Three-Way-Serial.dir/Users/nick/Documents/Projects/HeadBoffinWeb/GitHub/pico-sdk/src/rp2_common/pico_printf/printf.c.obj
 .text._ftoa    0x00000000100028f0      0x354 CMakeFiles/Pico-Three-Way-Serial.dir/Users/nick/Documents/Projects/HeadBoffinWeb/GitHub/pico-sdk/src/rp2_common/pico_printf/printf.c.obj
 .text._vsnprintf
                0x0000000010002c44      0x624 CMakeFiles/Pico-Three-Way-Serial.dir/Users/nick/Documents/Projects/HeadBoffinWeb/GitHub/pico-sdk/src/rp2_common/pico_printf/printf.c.obj
 .text.vfctprintf
                0x0000000010003268       0x20 CMakeFiles/Pico-Three-Way-Serial.dir/Users/nick/Documents/Projects/HeadBoffinWeb/GitHub/pico-sdk/src/rp2_common/pico_printf/printf.c.obj
                0x0000000010003268                vfctprintf
 .text          0x0000000010003288       0x10 CMakeFiles/Pico-Three-Way-Serial.dir/Users/nick/Documents/Projects/HeadBoffinWeb/GitHub/pico-sdk/src/rp2_common/pico_bit_ops/bit_ops_aeabi.S.obj
 .text.rom_func_lookup
                0x0000000010003298       0x10 CMakeFiles/Pico-Three-Way-Serial.dir/Users/nick/Documents/Projects/HeadBoffinWeb/GitHub/pico-sdk/src/rp2_common/pico_bootrom/bootrom.c.obj
                0x0000000010003298                rom_func_lookup
 .text.rom_data_lookup
                0x00000000100032a8       0x10 CMakeFiles/Pico-Three-Way-Serial.dir/Users/nick/Documents/Projects/HeadBoffinWeb/GitHub/pico-sdk/src/rp2_common/pico_bootrom/bootrom.c.obj
                0x00000000100032a8                rom_data_lookup
 .text.rom_funcs_lookup
                0x00000000100032b8       0x36 CMakeFiles/Pico-Three-Way-Serial.dir/Users/nick/Documents/Projects/HeadBoffinWeb/GitHub/pico-sdk/src/rp2_common/pico_bootrom/bootrom.c.obj
                0x00000000100032b8                rom_funcs_lookup
 *fill*         0x00000000100032ee        0x2 
 .text.__wrap___aeabi_idiv
                0x00000000100032f0       0x58 CMakeFiles/Pico-Three-Way-Serial.dir/Users/nick/Documents/Projects/HeadBoffinWeb/GitHub/pico-sdk/src/rp2_common/pico_divider/divider.S.obj
                0x00000000100032f0                __wrap___aeabi_idivmod
                0x00000000100032f0                divmod_s32s32
                0x00000000100032f0                div_s32s32
                0x00000000100032f0                __wrap___aeabi_idiv
                0x00000000100032f8                divmod_s32s32_unsafe
                0x0000000010003324                divmod_s32s32_savestate
 .text.__wrap___aeabi_uidiv
                0x0000000010003348       0x54 CMakeFiles/Pico-Three-Way-Serial.dir/Users/nick/Documents/Projects/HeadBoffinWeb/GitHub/pico-sdk/src/rp2_common/pico_divider/divider.S.obj
                0x0000000010003348                __wrap___aeabi_uidiv
                0x0000000010003348                __wrap___aeabi_uidivmod
                0x0000000010003348                div_u32u32
                0x0000000010003348                divmod_u32u32
                0x0000000010003350                divmod_u32u32_unsafe
                0x0000000010003378                divmod_u32u32_savestate
 .text.__wrap___aeabi_ldiv
                0x000000001000339c      0x430 CMakeFiles/Pico-Three-Way-Serial.dir/Users/nick/Documents/Projects/HeadBoffinWeb/GitHub/pico-sdk/src/rp2_common/pico_divider/divider.S.obj
                0x000000001000339c                __wrap___aeabi_ldivmod
                0x000000001000339c                div_s64s64
                0x000000001000339c                divmod_s64s64
                0x00000000100033d4                divmod_u64u64
                0x00000000100033d4                div_u64u64
                0x00000000100033d4                __wrap___aeabi_uldivmod
                0x00000000100033e4                divmod_u64u64_savestate
                0x000000001000340c                divmod_s64s64_unsafe
                0x0000000010003494                divmod_u64u64_unsafe
 .text.__wrap___aeabi_darithmetic
                0x00000000100037cc       0x54 CMakeFiles/Pico-Three-Way-Serial.dir/Users/nick/Documents/Projects/HeadBoffinWeb/GitHub/pico-sdk/src/rp2_common/pico_double/double_aeabi.S.obj
                0x00000000100037cc                __wrap___aeabi_drsub
                0x00000000100037d2                __wrap___aeabi_dsub
                0x00000000100037e4                __wrap___aeabi_dadd
                0x00000000100037f6                __wrap___aeabi_ddiv
                0x0000000010003808                __wrap___aeabi_dmul
 .text.__wrap___aeabi_cdcmple
                0x0000000010003820       0x6c CMakeFiles/Pico-Three-Way-Serial.dir/Users/nick/Documents/Projects/HeadBoffinWeb/GitHub/pico-sdk/src/rp2_common/pico_double/double_aeabi.S.obj
                0x0000000010003820                __wrap___aeabi_cdrcmple
                0x0000000010003830                __wrap___aeabi_cdcmple
                0x0000000010003830                __wrap___aeabi_cdcmpeq
 .text.__wrap___aeabi_dcmplt
                0x000000001000388c        0xc CMakeFiles/Pico-Three-Way-Serial.dir/Users/nick/Documents/Projects/HeadBoffinWeb/GitHub/pico-sdk/src/rp2_common/pico_double/double_aeabi.S.obj
                0x000000001000388c                __wrap___aeabi_dcmplt
 .text.__wrap___aeabi_dcmple
                0x0000000010003898       0x10 CMakeFiles/Pico-Three-Way-Serial.dir/Users/nick/Documents/Projects/HeadBoffinWeb/GitHub/pico-sdk/src/rp2_common/pico_double/double_aeabi.S.obj
                0x0000000010003898                __wrap___aeabi_dcmple
 .text.__wrap___aeabi_dcmpge
                0x00000000100038a8       0x10 CMakeFiles/Pico-Three-Way-Serial.dir/Users/nick/Documents/Projects/HeadBoffinWeb/GitHub/pico-sdk/src/rp2_common/pico_double/double_aeabi.S.obj
                0x00000000100038a8                __wrap___aeabi_dcmpge
 .text.__wrap___aeabi_dcmpgt
                0x00000000100038b8        0xa CMakeFiles/Pico-Three-Way-Serial.dir/Users/nick/Documents/Projects/HeadBoffinWeb/GitHub/pico-sdk/src/rp2_common/pico_double/double_aeabi.S.obj
                0x00000000100038b8                __wrap___aeabi_dcmpgt
 .text.__wrap___aeabi_dcmpun
                0x00000000100038c2       0x1c CMakeFiles/Pico-Three-Way-Serial.dir/Users/nick/Documents/Projects/HeadBoffinWeb/GitHub/pico-sdk/src/rp2_common/pico_double/double_aeabi.S.obj
                0x00000000100038c2                __wrap___aeabi_dcmpun
 *fill*         0x00000000100038de        0x2 
 .text.__wrap___aeabi_i2d
                0x00000000100038e0       0x38 CMakeFiles/Pico-Three-Way-Serial.dir/Users/nick/Documents/Projects/HeadBoffinWeb/GitHub/pico-sdk/src/rp2_common/pico_double/double_aeabi.S.obj
                0x00000000100038e0                __wrap___aeabi_ui2d
                0x00000000100038e8                __wrap___aeabi_i2d
 .text.__wrap___aeabi_d2iz
                0x0000000010003918       0x48 CMakeFiles/Pico-Three-Way-Serial.dir/Users/nick/Documents/Projects/HeadBoffinWeb/GitHub/pico-sdk/src/rp2_common/pico_double/double_aeabi.S.obj
                0x0000000010003918                __wrap___aeabi_d2iz
                0x0000000010003918                double2int_z
 .text.__wrap___aeabi_d2uiz
                0x0000000010003960       0x18 CMakeFiles/Pico-Three-Way-Serial.dir/Users/nick/Documents/Projects/HeadBoffinWeb/GitHub/pico-sdk/src/rp2_common/pico_double/double_aeabi.S.obj
                0x0000000010003960                double2uint
                0x0000000010003960                __wrap___aeabi_d2uiz
 .text.__aeabi_double_init
                0x0000000010003978       0xb8 CMakeFiles/Pico-Three-Way-Serial.dir/Users/nick/Documents/Projects/HeadBoffinWeb/GitHub/pico-sdk/src/rp2_common/pico_double/double_init_rom.c.obj
                0x0000000010003978                __aeabi_double_init
 .text.double_table_shim_on_use_helper
                0x0000000010003a30       0x34 CMakeFiles/Pico-Three-Way-Serial.dir/Users/nick/Documents/Projects/HeadBoffinWeb/GitHub/pico-sdk/src/rp2_common/pico_double/double_v1_rom_shim.S.obj
                0x0000000010003a30                double_table_shim_on_use_helper
 .text.__wrap___aeabi_dsub
                0x0000000010003a64       0x10 CMakeFiles/Pico-Three-Way-Serial.dir/Users/nick/Documents/Projects/HeadBoffinWeb/GitHub/pico-sdk/src/rp2_common/pico_double/double_v1_rom_shim.S.obj
                0x0000000010003a64                drsub_shim
                0x0000000010003a6a                dsub_shim
 .text.dadd_shim
                0x0000000010003a74      0x15c CMakeFiles/Pico-Three-Way-Serial.dir/Users/nick/Documents/Projects/HeadBoffinWeb/GitHub/pico-sdk/src/rp2_common/pico_double/double_v1_rom_shim.S.obj
                0x0000000010003a74                dadd_shim
 .text.dmul_shim
                0x0000000010003bd0      0x15c CMakeFiles/Pico-Three-Way-Serial.dir/Users/nick/Documents/Projects/HeadBoffinWeb/GitHub/pico-sdk/src/rp2_common/pico_double/double_v1_rom_shim.S.obj
                0x0000000010003bd0                dmul_shim
 .text.ddiv_shim
                0x0000000010003d2c      0x1b0 CMakeFiles/Pico-Three-Way-Serial.dir/Users/nick/Documents/Projects/HeadBoffinWeb/GitHub/pico-sdk/src/rp2_common/pico_double/double_v1_rom_shim.S.obj
                0x0000000010003d2c                ddiv_shim
 .text.dcordic_rot_step
                0x0000000010003edc       0x7c CMakeFiles/Pico-Three-Way-Serial.dir/Users/nick/Documents/Projects/HeadBoffinWeb/GitHub/pico-sdk/src/rp2_common/pico_double/double_v1_rom_shim.S.obj
                0x0000000010003edc                dcordic_rot_step
 .text.double2uint_shim
                0x0000000010003f58        0xe CMakeFiles/Pico-Three-Way-Serial.dir/Users/nick/Documents/Projects/HeadBoffinWeb/GitHub/pico-sdk/src/rp2_common/pico_double/double_v1_rom_shim.S.obj
                0x0000000010003f58                double2uint_shim
                0x0000000010003f5a                double2ufix_shim
 *fill*         0x0000000010003f66        0x2 
 .text.double2uint64_shim
                0x0000000010003f68       0x6c CMakeFiles/Pico-Three-Way-Serial.dir/Users/nick/Documents/Projects/HeadBoffinWeb/GitHub/pico-sdk/src/rp2_common/pico_double/double_v1_rom_shim.S.obj
                0x0000000010003f68                double2uint64_shim
                0x0000000010003f6a                double2ufix64_shim
                0x0000000010003f84                d2fix_a
 .text.dunpacks
                0x0000000010003fd4       0x3c CMakeFiles/Pico-Three-Way-Serial.dir/Users/nick/Documents/Projects/HeadBoffinWeb/GitHub/pico-sdk/src/rp2_common/pico_double/double_v1_rom_shim.S.obj
                0x0000000010003fd4                dunpacks
 .text.__aeabi_lmul
                0x0000000010004010       0x32 CMakeFiles/Pico-Three-Way-Serial.dir/Users/nick/Documents/Projects/HeadBoffinWeb/GitHub/pico-sdk/src/rp2_common/pico_int64_ops/pico_int64_ops_aeabi.S.obj
                0x0000000010004010                __wrap___aeabi_lmul
 *fill*         0x0000000010004042        0x2 
 .text.__aeabi_float_init
                0x0000000010004044       0xfc CMakeFiles/Pico-Three-Way-Serial.dir/Users/nick/Documents/Projects/HeadBoffinWeb/GitHub/pico-sdk/src/rp2_common/pico_float/float_init_rom.c.obj
                0x0000000010004044                __aeabi_float_init
 .text.float_table_shim_on_use_helper
                0x0000000010004140       0x34 CMakeFiles/Pico-Three-Way-Serial.dir/Users/nick/Documents/Projects/HeadBoffinWeb/GitHub/pico-sdk/src/rp2_common/pico_float/float_v1_rom_shim.S.obj
                0x0000000010004140                float_table_shim_on_use_helper
 .text.__wrap_malloc
                0x0000000010004174        0x8 CMakeFiles/Pico-Three-Way-Serial.dir/Users/nick/Documents/Projects/HeadBoffinWeb/GitHub/pico-sdk/src/rp2_common/pico_malloc/pico_malloc.c.obj
                0x0000000010004174                __wrap_malloc
 .text.__wrap_calloc
                0x000000001000417c        0x8 CMakeFiles/Pico-Three-Way-Serial.dir/Users/nick/Documents/Projects/HeadBoffinWeb/GitHub/pico-sdk/src/rp2_common/pico_malloc/pico_malloc.c.obj
                0x000000001000417c                __wrap_calloc
 .text          0x0000000010004184       0x10 CMakeFiles/Pico-Three-Way-Serial.dir/Users/nick/Documents/Projects/HeadBoffinWeb/GitHub/pico-sdk/src/rp2_common/pico_mem_ops/mem_ops_aeabi.S.obj
                0x0000000010004184                __aeabi_mem_init
 .text.memset   0x0000000010004194        0xc CMakeFiles/Pico-Three-Way-Serial.dir/Users/nick/Documents/Projects/HeadBoffinWeb/GitHub/pico-sdk/src/rp2_common/pico_mem_ops/mem_ops_aeabi.S.obj
                0x0000000010004194                __wrap_memset
 .text.memcpy   0x00000000100041a0        0xc CMakeFiles/Pico-Three-Way-Serial.dir/Users/nick/Documents/Projects/HeadBoffinWeb/GitHub/pico-sdk/src/rp2_common/pico_mem_ops/mem_ops_aeabi.S.obj
                0x00000000100041a0                __wrap___aeabi_memcpy
                0x00000000100041a0                __wrap_memcpy
 .text.stdio_out_chars_crlf
                0x00000000100041ac       0x80 CMakeFiles/Pico-Three-Way-Serial.dir/Users/nick/Documents/Projects/HeadBoffinWeb/GitHub/pico-sdk/src/rp2_common/pico_stdio/stdio.c.obj
 .text.stdio_get_until
                0x000000001000422c       0x78 CMakeFiles/Pico-Three-Way-Serial.dir/Users/nick/Documents/Projects/HeadBoffinWeb/GitHub/pico-sdk/src/rp2_common/pico_stdio/stdio.c.obj
 .text.stdio_stack_buffer_flush
                0x00000000100042a4       0x44 CMakeFiles/Pico-Three-Way-Serial.dir/Users/nick/Documents/Projects/HeadBoffinWeb/GitHub/pico-sdk/src/rp2_common/pico_stdio/stdio.c.obj
 .text.stdio_buffered_printer
                0x00000000100042e8       0x20 CMakeFiles/Pico-Three-Way-Serial.dir/Users/nick/Documents/Projects/HeadBoffinWeb/GitHub/pico-sdk/src/rp2_common/pico_stdio/stdio.c.obj
 .text.stdout_serialize_begin
                0x0000000010004308       0x2c CMakeFiles/Pico-Three-Way-Serial.dir/Users/nick/Documents/Projects/HeadBoffinWeb/GitHub/pico-sdk/src/rp2_common/pico_stdio/stdio.c.obj
                0x0000000010004308                stdout_serialize_begin
 .text.stdout_serialize_end
                0x0000000010004334       0x10 CMakeFiles/Pico-Three-Way-Serial.dir/Users/nick/Documents/Projects/HeadBoffinWeb/GitHub/pico-sdk/src/rp2_common/pico_stdio/stdio.c.obj
                0x0000000010004334                stdout_serialize_end
 .text.stdio_put_string
                0x0000000010004344       0x84 CMakeFiles/Pico-Three-Way-Serial.dir/Users/nick/Documents/Projects/HeadBoffinWeb/GitHub/pico-sdk/src/rp2_common/pico_stdio/stdio.c.obj
 .text.__wrap_putchar
                0x00000000100043c8       0x1a CMakeFiles/Pico-Three-Way-Serial.dir/Users/nick/Documents/Projects/HeadBoffinWeb/GitHub/pico-sdk/src/rp2_common/pico_stdio/stdio.c.obj
                0x00000000100043c8                __wrap_putchar
 *fill*         0x00000000100043e2        0x2 
 .text.stdio_set_driver_enabled
                0x00000000100043e4       0x38 CMakeFiles/Pico-Three-Way-Serial.dir/Users/nick/Documents/Projects/HeadBoffinWeb/GitHub/pico-sdk/src/rp2_common/pico_stdio/stdio.c.obj
                0x00000000100043e4                stdio_set_driver_enabled
 .text.stdio_flush
                0x000000001000441c       0x20 CMakeFiles/Pico-Three-Way-Serial.dir/Users/nick/Documents/Projects/HeadBoffinWeb/GitHub/pico-sdk/src/rp2_common/pico_stdio/stdio.c.obj
                0x000000001000441c                stdio_flush
 .text.__wrap_puts
                0x000000001000443c       0x1c CMakeFiles/Pico-Three-Way-Serial.dir/Users/nick/Documents/Projects/HeadBoffinWeb/GitHub/pico-sdk/src/rp2_common/pico_stdio/stdio.c.obj
                0x000000001000443c                __wrap_puts
 .text.__wrap_vprintf
                0x0000000010004458       0x44 CMakeFiles/Pico-Three-Way-Serial.dir/Users/nick/Documents/Projects/HeadBoffinWeb/GitHub/pico-sdk/src/rp2_common/pico_stdio/stdio.c.obj
                0x0000000010004458                __wrap_vprintf
 .text.__wrap_printf
                0x000000001000449c       0x18 CMakeFiles/Pico-Three-Way-Serial.dir/Users/nick/Documents/Projects/HeadBoffinWeb/GitHub/pico-sdk/src/rp2_common/pico_stdio/stdio.c.obj
                0x000000001000449c                __wrap_printf
 .text.getchar_timeout_us
                0x00000000100044b4       0x54 CMakeFiles/Pico-Three-Way-Serial.dir/Users/nick/Documents/Projects/HeadBoffinWeb/GitHub/pico-sdk/src/rp2_common/pico_stdio/stdio.c.obj
                0x00000000100044b4                getchar_timeout_us
 .text.stdio_usb_in_chars
                0x0000000010004508       0x70 CMakeFiles/Pico-Three-Way-Serial.dir/Users/nick/Documents/Projects/HeadBoffinWeb/GitHub/pico-sdk/src/rp2_common/pico_stdio_usb/stdio_usb.c.obj
                0x0000000010004508                stdio_usb_in_chars
 .text.low_priority_worker_irq
                0x0000000010004578       0x20 CMakeFiles/Pico-Three-Way-Serial.dir/Users/nick/Documents/Projects/HeadBoffinWeb/GitHub/pico-sdk/src/rp2_common/pico_stdio_usb/stdio_usb.c.obj
 .text.stdio_usb_out_chars
                0x0000000010004598       0xd4 CMakeFiles/Pico-Three-Way-Serial.dir/Users/nick/Documents/Projects/HeadBoffinWeb/GitHub/pico-sdk/src/rp2_common/pico_stdio_usb/stdio_usb.c.obj
 .text.timer_task
                0x000000001000466c       0x10 CMakeFiles/Pico-Three-Way-Serial.dir/Users/nick/Documents/Projects/HeadBoffinWeb/GitHub/pico-sdk/src/rp2_common/pico_stdio_usb/stdio_usb.c.obj
 .text.stdio_usb_init
                0x000000001000467c       0x90 CMakeFiles/Pico-Three-Way-Serial.dir/Users/nick/Documents/Projects/HeadBoffinWeb/GitHub/pico-sdk/src/rp2_common/pico_stdio_usb/stdio_usb.c.obj
                0x000000001000467c                stdio_usb_init
 .text.tud_descriptor_device_cb
                0x000000001000470c        0x8 CMakeFiles/Pico-Three-Way-Serial.dir/Users/nick/Documents/Projects/HeadBoffinWeb/GitHub/pico-sdk/src/rp2_common/pico_stdio_usb/stdio_usb_descriptors.c.obj
                0x000000001000470c                tud_descriptor_device_cb
 .text.tud_descriptor_configuration_cb
                0x0000000010004714        0x8 CMakeFiles/Pico-Three-Way-Serial.dir/Users/nick/Documents/Projects/HeadBoffinWeb/GitHub/pico-sdk/src/rp2_common/pico_stdio_usb/stdio_usb_descriptors.c.obj
                0x0000000010004714                tud_descriptor_configuration_cb
 .text.tud_descriptor_string_cb
                0x000000001000471c       0x50 CMakeFiles/Pico-Three-Way-Serial.dir/Users/nick/Documents/Projects/HeadBoffinWeb/GitHub/pico-sdk/src/rp2_common/pico_stdio_usb/stdio_usb_descriptors.c.obj
                0x000000001000471c                tud_descriptor_string_cb
 .text.hw_endpoint_get_by_addr
                0x000000001000476c       0x1c CMakeFiles/Pico-Three-Way-Serial.dir/Users/nick/Documents/Projects/HeadBoffinWeb/GitHub/pico-sdk/lib/tinyusb/src/portable/raspberrypi/rp2040/dcd_rp2040.c.obj
 .text.reset_ep0
                0x0000000010004788       0x2c CMakeFiles/Pico-Three-Way-Serial.dir/Users/nick/Documents/Projects/HeadBoffinWeb/GitHub/pico-sdk/lib/tinyusb/src/portable/raspberrypi/rp2040/dcd_rp2040.c.obj
 .text._hw_endpoint_alloc
                0x00000000100047b4       0x7c CMakeFiles/Pico-Three-Way-Serial.dir/Users/nick/Documents/Projects/HeadBoffinWeb/GitHub/pico-sdk/lib/tinyusb/src/portable/raspberrypi/rp2040/dcd_rp2040.c.obj
 .text._hw_endpoint_init
                0x0000000010004830       0xbc CMakeFiles/Pico-Three-Way-Serial.dir/Users/nick/Documents/Projects/HeadBoffinWeb/GitHub/pico-sdk/lib/tinyusb/src/portable/raspberrypi/rp2040/dcd_rp2040.c.obj
 .text.hw_endpoint_init
                0x00000000100048ec       0x18 CMakeFiles/Pico-Three-Way-Serial.dir/Users/nick/Documents/Projects/HeadBoffinWeb/GitHub/pico-sdk/lib/tinyusb/src/portable/raspberrypi/rp2040/dcd_rp2040.c.obj
 .text.hw_handle_buff_status
                0x0000000010004904       0xb8 CMakeFiles/Pico-Three-Way-Serial.dir/Users/nick/Documents/Projects/HeadBoffinWeb/GitHub/pico-sdk/lib/tinyusb/src/portable/raspberrypi/rp2040/dcd_rp2040.c.obj
 .text.dcd_rp2040_irq
                0x00000000100049bc       0x8c CMakeFiles/Pico-Three-Way-Serial.dir/Users/nick/Documents/Projects/HeadBoffinWeb/GitHub/pico-sdk/lib/tinyusb/src/portable/raspberrypi/rp2040/dcd_rp2040.c.obj
 .text.hw_endpoint_xfer
                0x0000000010004a48       0x18 CMakeFiles/Pico-Three-Way-Serial.dir/Users/nick/Documents/Projects/HeadBoffinWeb/GitHub/pico-sdk/lib/tinyusb/src/portable/raspberrypi/rp2040/dcd_rp2040.c.obj
 .text.ep0_0len_status
                0x0000000010004a60       0x14 CMakeFiles/Pico-Three-Way-Serial.dir/Users/nick/Documents/Projects/HeadBoffinWeb/GitHub/pico-sdk/lib/tinyusb/src/portable/raspberrypi/rp2040/dcd_rp2040.c.obj
 .text._hw_endpoint_stall
                0x0000000010004a74       0x54 CMakeFiles/Pico-Three-Way-Serial.dir/Users/nick/Documents/Projects/HeadBoffinWeb/GitHub/pico-sdk/lib/tinyusb/src/portable/raspberrypi/rp2040/dcd_rp2040.c.obj
 .text.hw_endpoint_stall
                0x0000000010004ac8        0xc CMakeFiles/Pico-Three-Way-Serial.dir/Users/nick/Documents/Projects/HeadBoffinWeb/GitHub/pico-sdk/lib/tinyusb/src/portable/raspberrypi/rp2040/dcd_rp2040.c.obj
 .text._hw_endpoint_clear_stall
                0x0000000010004ad4       0x34 CMakeFiles/Pico-Three-Way-Serial.dir/Users/nick/Documents/Projects/HeadBoffinWeb/GitHub/pico-sdk/lib/tinyusb/src/portable/raspberrypi/rp2040/dcd_rp2040.c.obj
 .text.hw_endpoint_clear_stall
                0x0000000010004b08        0xc CMakeFiles/Pico-Three-Way-Serial.dir/Users/nick/Documents/Projects/HeadBoffinWeb/GitHub/pico-sdk/lib/tinyusb/src/portable/raspberrypi/rp2040/dcd_rp2040.c.obj
 .text.dcd_int_enable
                0x0000000010004b14       0x2c CMakeFiles/Pico-Three-Way-Serial.dir/Users/nick/Documents/Projects/HeadBoffinWeb/GitHub/pico-sdk/lib/tinyusb/src/portable/raspberrypi/rp2040/dcd_rp2040.c.obj
                0x0000000010004b14                dcd_int_enable
 .text.dcd_set_address
                0x0000000010004b40       0x30 CMakeFiles/Pico-Three-Way-Serial.dir/Users/nick/Documents/Projects/HeadBoffinWeb/GitHub/pico-sdk/lib/tinyusb/src/portable/raspberrypi/rp2040/dcd_rp2040.c.obj
                0x0000000010004b40                dcd_set_address
 .text.dcd_connect
                0x0000000010004b70       0x30 CMakeFiles/Pico-Three-Way-Serial.dir/Users/nick/Documents/Projects/HeadBoffinWeb/GitHub/pico-sdk/lib/tinyusb/src/portable/raspberrypi/rp2040/dcd_rp2040.c.obj
                0x0000000010004b70                dcd_connect
 .text.dcd_init
                0x0000000010004ba0       0x90 CMakeFiles/Pico-Three-Way-Serial.dir/Users/nick/Documents/Projects/HeadBoffinWeb/GitHub/pico-sdk/lib/tinyusb/src/portable/raspberrypi/rp2040/dcd_rp2040.c.obj
                0x0000000010004ba0                dcd_init
 .text.dcd_edpt0_status_complete
                0x0000000010004c30       0x44 CMakeFiles/Pico-Three-Way-Serial.dir/Users/nick/Documents/Projects/HeadBoffinWeb/GitHub/pico-sdk/lib/tinyusb/src/portable/raspberrypi/rp2040/dcd_rp2040.c.obj
                0x0000000010004c30                dcd_edpt0_status_complete
 .text.dcd_edpt_open
                0x0000000010004c74       0x40 CMakeFiles/Pico-Three-Way-Serial.dir/Users/nick/Documents/Projects/HeadBoffinWeb/GitHub/pico-sdk/lib/tinyusb/src/portable/raspberrypi/rp2040/dcd_rp2040.c.obj
                0x0000000010004c74                dcd_edpt_open
 .text.dcd_edpt_xfer
                0x0000000010004cb4       0x34 CMakeFiles/Pico-Three-Way-Serial.dir/Users/nick/Documents/Projects/HeadBoffinWeb/GitHub/pico-sdk/lib/tinyusb/src/portable/raspberrypi/rp2040/dcd_rp2040.c.obj
                0x0000000010004cb4                dcd_edpt_xfer
 .text.dcd_edpt_stall
                0x0000000010004ce8       0x28 CMakeFiles/Pico-Three-Way-Serial.dir/Users/nick/Documents/Projects/HeadBoffinWeb/GitHub/pico-sdk/lib/tinyusb/src/portable/raspberrypi/rp2040/dcd_rp2040.c.obj
                0x0000000010004ce8                dcd_edpt_stall
 .text.dcd_edpt_clear_stall
                0x0000000010004d10       0x28 CMakeFiles/Pico-Three-Way-Serial.dir/Users/nick/Documents/Projects/HeadBoffinWeb/GitHub/pico-sdk/lib/tinyusb/src/portable/raspberrypi/rp2040/dcd_rp2040.c.obj
                0x0000000010004d10                dcd_edpt_clear_stall
 .text.rp2040_usb_init
                0x0000000010004d38       0x50 CMakeFiles/Pico-Three-Way-Serial.dir/Users/nick/Documents/Projects/HeadBoffinWeb/GitHub/pico-sdk/lib/tinyusb/src/portable/raspberrypi/rp2040/rp2040_usb.c.obj
                0x0000000010004d38                rp2040_usb_init
 .text.hw_endpoint_reset_transfer
                0x0000000010004d88       0x14 CMakeFiles/Pico-Three-Way-Serial.dir/Users/nick/Documents/Projects/HeadBoffinWeb/GitHub/pico-sdk/lib/tinyusb/src/portable/raspberrypi/rp2040/rp2040_usb.c.obj
                0x0000000010004d88                hw_endpoint_reset_transfer
 .text._hw_endpoint_buffer_control_update32
                0x0000000010004d9c       0x54 CMakeFiles/Pico-Three-Way-Serial.dir/Users/nick/Documents/Projects/HeadBoffinWeb/GitHub/pico-sdk/lib/tinyusb/src/portable/raspberrypi/rp2040/rp2040_usb.c.obj
                0x0000000010004d9c                _hw_endpoint_buffer_control_update32
 .text._hw_endpoint_start_next_buffer
                0x0000000010004df0       0x5a CMakeFiles/Pico-Three-Way-Serial.dir/Users/nick/Documents/Projects/HeadBoffinWeb/GitHub/pico-sdk/lib/tinyusb/src/portable/raspberrypi/rp2040/rp2040_usb.c.obj
                0x0000000010004df0                _hw_endpoint_start_next_buffer
 .text._hw_endpoint_xfer_start
                0x0000000010004e4a       0x46 CMakeFiles/Pico-Three-Way-Serial.dir/Users/nick/Documents/Projects/HeadBoffinWeb/GitHub/pico-sdk/lib/tinyusb/src/portable/raspberrypi/rp2040/rp2040_usb.c.obj
                0x0000000010004e4a                _hw_endpoint_xfer_start
 .text._hw_endpoint_xfer_sync
                0x0000000010004e90       0x74 CMakeFiles/Pico-Three-Way-Serial.dir/Users/nick/Documents/Projects/HeadBoffinWeb/GitHub/pico-sdk/lib/tinyusb/src/portable/raspberrypi/rp2040/rp2040_usb.c.obj
                0x0000000010004e90                _hw_endpoint_xfer_sync
 .text._hw_endpoint_xfer_continue
                0x0000000010004f04       0x58 CMakeFiles/Pico-Three-Way-Serial.dir/Users/nick/Documents/Projects/HeadBoffinWeb/GitHub/pico-sdk/lib/tinyusb/src/portable/raspberrypi/rp2040/rp2040_usb.c.obj
                0x0000000010004f04                _hw_endpoint_xfer_continue
 .text._hw_endpoint_xfer
                0x0000000010004f5c       0x34 CMakeFiles/Pico-Three-Way-Serial.dir/Users/nick/Documents/Projects/HeadBoffinWeb/GitHub/pico-sdk/lib/tinyusb/src/portable/raspberrypi/rp2040/rp2040_usb.c.obj
                0x0000000010004f5c                _hw_endpoint_xfer
 .text.mark_interface_endpoint
                0x0000000010004f90       0x2a CMakeFiles/Pico-Three-Way-Serial.dir/Users/nick/Documents/Projects/HeadBoffinWeb/GitHub/pico-sdk/lib/tinyusb/src/device/usbd.c.obj
 *fill*         0x0000000010004fba        0x2 
 .text.usbd_reset
                0x0000000010004fbc       0x88 CMakeFiles/Pico-Three-Way-Serial.dir/Users/nick/Documents/Projects/HeadBoffinWeb/GitHub/pico-sdk/lib/tinyusb/src/device/usbd.c.obj
 .text.invoke_class_control
                0x0000000010005044       0x18 CMakeFiles/Pico-Three-Way-Serial.dir/Users/nick/Documents/Projects/HeadBoffinWeb/GitHub/pico-sdk/lib/tinyusb/src/device/usbd.c.obj
 .text.process_set_config
                0x000000001000505c      0x1d0 CMakeFiles/Pico-Three-Way-Serial.dir/Users/nick/Documents/Projects/HeadBoffinWeb/GitHub/pico-sdk/lib/tinyusb/src/device/usbd.c.obj
 .text.process_get_descriptor
                0x000000001000522c       0xf4 CMakeFiles/Pico-Three-Way-Serial.dir/Users/nick/Documents/Projects/HeadBoffinWeb/GitHub/pico-sdk/lib/tinyusb/src/device/usbd.c.obj
 .text.tud_mounted
                0x0000000010005320       0x10 CMakeFiles/Pico-Three-Way-Serial.dir/Users/nick/Documents/Projects/HeadBoffinWeb/GitHub/pico-sdk/lib/tinyusb/src/device/usbd.c.obj
                0x0000000010005320                tud_mounted
 .text.tud_suspended
                0x0000000010005330       0x10 CMakeFiles/Pico-Three-Way-Serial.dir/Users/nick/Documents/Projects/HeadBoffinWeb/GitHub/pico-sdk/lib/tinyusb/src/device/usbd.c.obj
                0x0000000010005330                tud_suspended
 .text.tud_init
                0x0000000010005340       0xb8 CMakeFiles/Pico-Three-Way-Serial.dir/Users/nick/Documents/Projects/HeadBoffinWeb/GitHub/pico-sdk/lib/tinyusb/src/device/usbd.c.obj
                0x0000000010005340                tud_init
 .text.dcd_event_handler
                0x00000000100053f8      0x1c4 CMakeFiles/Pico-Three-Way-Serial.dir/Users/nick/Documents/Projects/HeadBoffinWeb/GitHub/pico-sdk/lib/tinyusb/src/device/usbd.c.obj
                0x00000000100053f8                dcd_event_handler
 .text.dcd_event_bus_signal
                0x00000000100055bc       0x26 CMakeFiles/Pico-Three-Way-Serial.dir/Users/nick/Documents/Projects/HeadBoffinWeb/GitHub/pico-sdk/lib/tinyusb/src/device/usbd.c.obj
                0x00000000100055bc                dcd_event_bus_signal
 .text.dcd_event_setup_received
                0x00000000100055e2       0x34 CMakeFiles/Pico-Three-Way-Serial.dir/Users/nick/Documents/Projects/HeadBoffinWeb/GitHub/pico-sdk/lib/tinyusb/src/device/usbd.c.obj
                0x00000000100055e2                dcd_event_setup_received
 .text.dcd_event_xfer_complete
                0x0000000010005616       0x44 CMakeFiles/Pico-Three-Way-Serial.dir/Users/nick/Documents/Projects/HeadBoffinWeb/GitHub/pico-sdk/lib/tinyusb/src/device/usbd.c.obj
                0x0000000010005616                dcd_event_xfer_complete
 .text.usbd_edpt_open
                0x000000001000565a        0x8 CMakeFiles/Pico-Three-Way-Serial.dir/Users/nick/Documents/Projects/HeadBoffinWeb/GitHub/pico-sdk/lib/tinyusb/src/device/usbd.c.obj
                0x000000001000565a                usbd_edpt_open
 *fill*         0x0000000010005662        0x2 
 .text.usbd_open_edpt_pair
                0x0000000010005664       0x8c CMakeFiles/Pico-Three-Way-Serial.dir/Users/nick/Documents/Projects/HeadBoffinWeb/GitHub/pico-sdk/lib/tinyusb/src/device/usbd.c.obj
                0x0000000010005664                usbd_open_edpt_pair
 .text.usbd_edpt_claim
                0x00000000100056f0       0x8c CMakeFiles/Pico-Three-Way-Serial.dir/Users/nick/Documents/Projects/HeadBoffinWeb/GitHub/pico-sdk/lib/tinyusb/src/device/usbd.c.obj
                0x00000000100056f0                usbd_edpt_claim
 .text.usbd_edpt_release
                0x000000001000577c       0x68 CMakeFiles/Pico-Three-Way-Serial.dir/Users/nick/Documents/Projects/HeadBoffinWeb/GitHub/pico-sdk/lib/tinyusb/src/device/usbd.c.obj
                0x000000001000577c                usbd_edpt_release
 .text.usbd_edpt_xfer
                0x00000000100057e4       0x80 CMakeFiles/Pico-Three-Way-Serial.dir/Users/nick/Documents/Projects/HeadBoffinWeb/GitHub/pico-sdk/lib/tinyusb/src/device/usbd.c.obj
                0x00000000100057e4                usbd_edpt_xfer
 .text.usbd_edpt_stall
                0x0000000010005864       0x2c CMakeFiles/Pico-Three-Way-Serial.dir/Users/nick/Documents/Projects/HeadBoffinWeb/GitHub/pico-sdk/lib/tinyusb/src/device/usbd.c.obj
                0x0000000010005864                usbd_edpt_stall
 .text.usbd_edpt_clear_stall
                0x0000000010005890       0x2c CMakeFiles/Pico-Three-Way-Serial.dir/Users/nick/Documents/Projects/HeadBoffinWeb/GitHub/pico-sdk/lib/tinyusb/src/device/usbd.c.obj
                0x0000000010005890                usbd_edpt_clear_stall
 .text.usbd_edpt_stalled
                0x00000000100058bc       0x1c CMakeFiles/Pico-Three-Way-Serial.dir/Users/nick/Documents/Projects/HeadBoffinWeb/GitHub/pico-sdk/lib/tinyusb/src/device/usbd.c.obj
                0x00000000100058bc                usbd_edpt_stalled
 .text.process_control_request
                0x00000000100058d8      0x37c CMakeFiles/Pico-Three-Way-Serial.dir/Users/nick/Documents/Projects/HeadBoffinWeb/GitHub/pico-sdk/lib/tinyusb/src/device/usbd.c.obj
 .text.tud_task
                0x0000000010005c54      0x204 CMakeFiles/Pico-Three-Way-Serial.dir/Users/nick/Documents/Projects/HeadBoffinWeb/GitHub/pico-sdk/lib/tinyusb/src/device/usbd.c.obj
                0x0000000010005c54                tud_task
 .text._data_stage_xact
                0x0000000010005e58       0x58 CMakeFiles/Pico-Three-Way-Serial.dir/Users/nick/Documents/Projects/HeadBoffinWeb/GitHub/pico-sdk/lib/tinyusb/src/device/usbd_control.c.obj
 .text.tud_control_status
                0x0000000010005eb0       0x38 CMakeFiles/Pico-Three-Way-Serial.dir/Users/nick/Documents/Projects/HeadBoffinWeb/GitHub/pico-sdk/lib/tinyusb/src/device/usbd_control.c.obj
                0x0000000010005eb0                tud_control_status
 .text.tud_control_xfer
                0x0000000010005ee8       0xa8 CMakeFiles/Pico-Three-Way-Serial.dir/Users/nick/Documents/Projects/HeadBoffinWeb/GitHub/pico-sdk/lib/tinyusb/src/device/usbd_control.c.obj
                0x0000000010005ee8                tud_control_xfer
 .text.usbd_control_reset
                0x0000000010005f90       0x14 CMakeFiles/Pico-Three-Way-Serial.dir/Users/nick/Documents/Projects/HeadBoffinWeb/GitHub/pico-sdk/lib/tinyusb/src/device/usbd_control.c.obj
                0x0000000010005f90                usbd_control_reset
 .text.usbd_control_set_complete_callback
                0x0000000010005fa4        0xc CMakeFiles/Pico-Three-Way-Serial.dir/Users/nick/Documents/Projects/HeadBoffinWeb/GitHub/pico-sdk/lib/tinyusb/src/device/usbd_control.c.obj
                0x0000000010005fa4                usbd_control_set_complete_callback
 .text.usbd_control_set_request
                0x0000000010005fb0       0x1c CMakeFiles/Pico-Three-Way-Serial.dir/Users/nick/Documents/Projects/HeadBoffinWeb/GitHub/pico-sdk/lib/tinyusb/src/device/usbd_control.c.obj
                0x0000000010005fb0                usbd_control_set_request
 .text.usbd_control_xfer_cb
                0x0000000010005fcc       0xe8 CMakeFiles/Pico-Three-Way-Serial.dir/Users/nick/Documents/Projects/HeadBoffinWeb/GitHub/pico-sdk/lib/tinyusb/src/device/usbd_control.c.obj
                0x0000000010005fcc                usbd_control_xfer_cb
 .text._prep_out_transaction
                0x00000000100060b4       0x46 CMakeFiles/Pico-Three-Way-Serial.dir/Users/nick/Documents/Projects/HeadBoffinWeb/GitHub/pico-sdk/lib/tinyusb/src/class/cdc/cdc_device.c.obj
 *fill*         0x00000000100060fa        0x2 
 .text.tud_cdc_n_connected
                0x00000000100060fc       0x48 CMakeFiles/Pico-Three-Way-Serial.dir/Users/nick/Documents/Projects/HeadBoffinWeb/GitHub/pico-sdk/lib/tinyusb/src/class/cdc/cdc_device.c.obj
                0x00000000100060fc                tud_cdc_n_connected
 .text.tud_cdc_n_available
                0x0000000010006144       0x20 CMakeFiles/Pico-Three-Way-Serial.dir/Users/nick/Documents/Projects/HeadBoffinWeb/GitHub/pico-sdk/lib/tinyusb/src/class/cdc/cdc_device.c.obj
                0x0000000010006144                tud_cdc_n_available
 .text.tud_cdc_n_read
                0x0000000010006164       0x30 CMakeFiles/Pico-Three-Way-Serial.dir/Users/nick/Documents/Projects/HeadBoffinWeb/GitHub/pico-sdk/lib/tinyusb/src/class/cdc/cdc_device.c.obj
                0x0000000010006164                tud_cdc_n_read
 .text.tud_cdc_n_write_flush
                0x0000000010006194       0xc4 CMakeFiles/Pico-Three-Way-Serial.dir/Users/nick/Documents/Projects/HeadBoffinWeb/GitHub/pico-sdk/lib/tinyusb/src/class/cdc/cdc_device.c.obj
                0x0000000010006194                tud_cdc_n_write_flush
 .text.tud_cdc_n_write
                0x0000000010006258       0x38 CMakeFiles/Pico-Three-Way-Serial.dir/Users/nick/Documents/Projects/HeadBoffinWeb/GitHub/pico-sdk/lib/tinyusb/src/class/cdc/cdc_device.c.obj
                0x0000000010006258                tud_cdc_n_write
 .text.tud_cdc_n_write_available
                0x0000000010006290       0x20 CMakeFiles/Pico-Three-Way-Serial.dir/Users/nick/Documents/Projects/HeadBoffinWeb/GitHub/pico-sdk/lib/tinyusb/src/class/cdc/cdc_device.c.obj
                0x0000000010006290                tud_cdc_n_write_available
 .text.cdcd_init
                0x00000000100062b0       0xdc CMakeFiles/Pico-Three-Way-Serial.dir/Users/nick/Documents/Projects/HeadBoffinWeb/GitHub/pico-sdk/lib/tinyusb/src/class/cdc/cdc_device.c.obj
                0x00000000100062b0                cdcd_init
 .text.cdcd_reset
                0x000000001000638c       0x44 CMakeFiles/Pico-Three-Way-Serial.dir/Users/nick/Documents/Projects/HeadBoffinWeb/GitHub/pico-sdk/lib/tinyusb/src/class/cdc/cdc_device.c.obj
                0x000000001000638c                cdcd_reset
 .text.cdcd_open
                0x00000000100063d0      0x118 CMakeFiles/Pico-Three-Way-Serial.dir/Users/nick/Documents/Projects/HeadBoffinWeb/GitHub/pico-sdk/lib/tinyusb/src/class/cdc/cdc_device.c.obj
                0x00000000100063d0                cdcd_open
 .text.cdcd_control_complete
                0x00000000100064e8       0x60 CMakeFiles/Pico-Three-Way-Serial.dir/Users/nick/Documents/Projects/HeadBoffinWeb/GitHub/pico-sdk/lib/tinyusb/src/class/cdc/cdc_device.c.obj
                0x00000000100064e8                cdcd_control_complete
 .text.cdcd_control_request
                0x0000000010006548       0x9c CMakeFiles/Pico-Three-Way-Serial.dir/Users/nick/Documents/Projects/HeadBoffinWeb/GitHub/pico-sdk/lib/tinyusb/src/class/cdc/cdc_device.c.obj
                0x0000000010006548                cdcd_control_request
 .text.cdcd_xfer_cb
                0x00000000100065e4      0x130 CMakeFiles/Pico-Three-Way-Serial.dir/Users/nick/Documents/Projects/HeadBoffinWeb/GitHub/pico-sdk/lib/tinyusb/src/class/cdc/cdc_device.c.obj
                0x00000000100065e4                cdcd_xfer_cb
 .text.tusb_init
                0x0000000010006714       0x38 CMakeFiles/Pico-Three-Way-Serial.dir/Users/nick/Documents/Projects/HeadBoffinWeb/GitHub/pico-sdk/lib/tinyusb/src/tusb.c.obj
                0x0000000010006714                tusb_init
 .text.tusb_inited
                0x000000001000674c        0xc CMakeFiles/Pico-Three-Way-Serial.dir/Users/nick/Documents/Projects/HeadBoffinWeb/GitHub/pico-sdk/lib/tinyusb/src/tusb.c.obj
                0x000000001000674c                tusb_inited
 .text.advance_pointer
                0x0000000010006758       0x1e CMakeFiles/Pico-Three-Way-Serial.dir/Users/nick/Documents/Projects/HeadBoffinWeb/GitHub/pico-sdk/lib/tinyusb/src/common/tusb_fifo.c.obj
 .text.backward_pointer
                0x0000000010006776       0x1a CMakeFiles/Pico-Three-Way-Serial.dir/Users/nick/Documents/Projects/HeadBoffinWeb/GitHub/pico-sdk/lib/tinyusb/src/common/tusb_fifo.c.obj
 .text.get_relative_pointer
                0x0000000010006790       0x16 CMakeFiles/Pico-Three-Way-Serial.dir/Users/nick/Documents/Projects/HeadBoffinWeb/GitHub/pico-sdk/lib/tinyusb/src/common/tusb_fifo.c.obj
 .text.tu_fifo_lock
                0x00000000100067a6       0x12 CMakeFiles/Pico-Three-Way-Serial.dir/Users/nick/Documents/Projects/HeadBoffinWeb/GitHub/pico-sdk/lib/tinyusb/src/common/tusb_fifo.c.obj
 .text.tu_fifo_unlock
                0x00000000100067b8        0xe CMakeFiles/Pico-Three-Way-Serial.dir/Users/nick/Documents/Projects/HeadBoffinWeb/GitHub/pico-sdk/lib/tinyusb/src/common/tusb_fifo.c.obj
 .text._tu_fifo_peek_at
                0x00000000100067c6       0x66 CMakeFiles/Pico-Three-Way-Serial.dir/Users/nick/Documents/Projects/HeadBoffinWeb/GitHub/pico-sdk/lib/tinyusb/src/common/tusb_fifo.c.obj
 .text._ff_pull_n
                0x000000001000682c       0x4a CMakeFiles/Pico-Three-Way-Serial.dir/Users/nick/Documents/Projects/HeadBoffinWeb/GitHub/pico-sdk/lib/tinyusb/src/common/tusb_fifo.c.obj
 .text._tu_fifo_peek_at_n
                0x0000000010006876       0x72 CMakeFiles/Pico-Three-Way-Serial.dir/Users/nick/Documents/Projects/HeadBoffinWeb/GitHub/pico-sdk/lib/tinyusb/src/common/tusb_fifo.c.obj
 .text._ff_push_n
                0x00000000100068e8       0x4a CMakeFiles/Pico-Three-Way-Serial.dir/Users/nick/Documents/Projects/HeadBoffinWeb/GitHub/pico-sdk/lib/tinyusb/src/common/tusb_fifo.c.obj
 .text.tu_fifo_config
                0x0000000010006932       0x48 CMakeFiles/Pico-Three-Way-Serial.dir/Users/nick/Documents/Projects/HeadBoffinWeb/GitHub/pico-sdk/lib/tinyusb/src/common/tusb_fifo.c.obj
                0x0000000010006932                tu_fifo_config
 .text.tu_fifo_count
                0x000000001000697a       0x1c CMakeFiles/Pico-Three-Way-Serial.dir/Users/nick/Documents/Projects/HeadBoffinWeb/GitHub/pico-sdk/lib/tinyusb/src/common/tusb_fifo.c.obj
                0x000000001000697a                tu_fifo_count
 .text.tu_fifo_remaining
                0x0000000010006996       0x20 CMakeFiles/Pico-Three-Way-Serial.dir/Users/nick/Documents/Projects/HeadBoffinWeb/GitHub/pico-sdk/lib/tinyusb/src/common/tusb_fifo.c.obj
                0x0000000010006996                tu_fifo_remaining
 .text.tu_fifo_read
                0x00000000100069b6       0x3a CMakeFiles/Pico-Three-Way-Serial.dir/Users/nick/Documents/Projects/HeadBoffinWeb/GitHub/pico-sdk/lib/tinyusb/src/common/tusb_fifo.c.obj
                0x00000000100069b6                tu_fifo_read
 .text.tu_fifo_read_n
                0x00000000100069f0       0x3e CMakeFiles/Pico-Three-Way-Serial.dir/Users/nick/Documents/Projects/HeadBoffinWeb/GitHub/pico-sdk/lib/tinyusb/src/common/tusb_fifo.c.obj
                0x00000000100069f0                tu_fifo_read_n
 .text.tu_fifo_write
                0x0000000010006a2e       0x5c CMakeFiles/Pico-Three-Way-Serial.dir/Users/nick/Documents/Projects/HeadBoffinWeb/GitHub/pico-sdk/lib/tinyusb/src/common/tusb_fifo.c.obj
                0x0000000010006a2e                tu_fifo_write
 .text.tu_fifo_write_n
                0x0000000010006a8a       0x7c CMakeFiles/Pico-Three-Way-Serial.dir/Users/nick/Documents/Projects/HeadBoffinWeb/GitHub/pico-sdk/lib/tinyusb/src/common/tusb_fifo.c.obj
                0x0000000010006a8a                tu_fifo_write_n
 .text.tu_fifo_clear
                0x0000000010006b06       0x18 CMakeFiles/Pico-Three-Way-Serial.dir/Users/nick/Documents/Projects/HeadBoffinWeb/GitHub/pico-sdk/lib/tinyusb/src/common/tusb_fifo.c.obj
                0x0000000010006b06                tu_fifo_clear
 *fill*         0x0000000010006b1e        0x2 
 .text.calloc   0x0000000010006b20       0x18 /Applications/ARM/bin/../lib/gcc/arm-none-eabi/10.2.1/../../../../arm-none-eabi/lib/thumb/v6-m/nofp/libg.a(lib_a-calloc.o)
                0x0000000010006b20                calloc
 .text._calloc_r
                0x0000000010006b38       0x5c /Applications/ARM/bin/../lib/gcc/arm-none-eabi/10.2.1/../../../../arm-none-eabi/lib/thumb/v6-m/nofp/libg.a(lib_a-callocr.o)
                0x0000000010006b38                _calloc_r
 .text.malloc   0x0000000010006b94       0x14 /Applications/ARM/bin/../lib/gcc/arm-none-eabi/10.2.1/../../../../arm-none-eabi/lib/thumb/v6-m/nofp/libg.a(lib_a-malloc.o)
                0x0000000010006b94                malloc
 .text._malloc_r
                0x0000000010006ba8      0x580 /Applications/ARM/bin/../lib/gcc/arm-none-eabi/10.2.1/../../../../arm-none-eabi/lib/thumb/v6-m/nofp/libg.a(lib_a-mallocr.o)
                0x0000000010006ba8                _malloc_r
 .text.__malloc_lock
                0x0000000010007128       0x10 /Applications/ARM/bin/../lib/gcc/arm-none-eabi/10.2.1/../../../../arm-none-eabi/lib/thumb/v6-m/nofp/libg.a(lib_a-mlock.o)
                0x0000000010007128                __malloc_lock
 .text.__malloc_unlock
                0x0000000010007138       0x10 /Applications/ARM/bin/../lib/gcc/arm-none-eabi/10.2.1/../../../../arm-none-eabi/lib/thumb/v6-m/nofp/libg.a(lib_a-mlock.o)
                0x0000000010007138                __malloc_unlock
 .text._sbrk_r  0x0000000010007148       0x24 /Applications/ARM/bin/../lib/gcc/arm-none-eabi/10.2.1/../../../../arm-none-eabi/lib/thumb/v6-m/nofp/libg.a(lib_a-sbrkr.o)
                0x0000000010007148                _sbrk_r
 .text.strlen   0x000000001000716c       0x5c /Applications/ARM/bin/../lib/gcc/arm-none-eabi/10.2.1/../../../../arm-none-eabi/lib/thumb/v6-m/nofp/libg.a(lib_a-strlen-stub.o)
                0x000000001000716c                strlen
 .text._malloc_trim_r
                0x00000000100071c8       0x9c /Applications/ARM/bin/../lib/gcc/arm-none-eabi/10.2.1/../../../../arm-none-eabi/lib/thumb/v6-m/nofp/libg.a(lib_a-freer.o)
                0x00000000100071c8                _malloc_trim_r
 .text._free_r  0x0000000010007264      0x1c4 /Applications/ARM/bin/../lib/gcc/arm-none-eabi/10.2.1/../../../../arm-none-eabi/lib/thumb/v6-m/nofp/libg.a(lib_a-freer.o)
                0x0000000010007264                _free_r
 .text.__retarget_lock_acquire_recursive
                0x0000000010007428        0x4 /Applications/ARM/bin/../lib/gcc/arm-none-eabi/10.2.1/../../../../arm-none-eabi/lib/thumb/v6-m/nofp/libg.a(lib_a-lock.o)
                0x0000000010007428                __retarget_lock_acquire_recursive
 .text.__retarget_lock_release_recursive
                0x000000001000742c        0x4 /Applications/ARM/bin/../lib/gcc/arm-none-eabi/10.2.1/../../../../arm-none-eabi/lib/thumb/v6-m/nofp/libg.a(lib_a-lock.o)
                0x000000001000742c                __retarget_lock_release_recursive
 *(.fini)
 .fini          0x0000000010007430        0x4 /Applications/ARM/bin/../lib/gcc/arm-none-eabi/10.2.1/thumb/v6-m/nofp/crti.o
                0x0000000010007430                _fini
 *fill*         0x0000000010007434        0x4 
 .fini.__stub   0x0000000010007438       0x60 linker stubs
 *crtbegin.o(.ctors)
 *crtbegin?.o(.ctors)
 *(EXCLUDE_FILE(*crtend.o *crtend?.o) .ctors)
 *(SORT_BY_NAME(.ctors.*))
 *(.ctors)
 *crtbegin.o(.dtors)
 *crtbegin?.o(.dtors)
 *(EXCLUDE_FILE(*crtend.o *crtend?.o) .dtors)
 *(SORT_BY_NAME(.dtors.*))
 *(.dtors)
 *(.eh_frame*)
 .eh_frame      0x0000000010007498        0x0 /Applications/ARM/bin/../lib/gcc/arm-none-eabi/10.2.1/thumb/v6-m/nofp/crtbegin.o
                0x0000000010007498                . = ALIGN (0x4)

.glue_7         0x0000000010007498        0x0
 .glue_7        0x0000000010007498        0x0 linker stubs

.glue_7t        0x0000000010007498        0x0
 .glue_7t       0x0000000010007498        0x0 linker stubs

.vfp11_veneer   0x0000000010007498        0x0
 .vfp11_veneer  0x0000000010007498        0x0 linker stubs

.v4_bx          0x0000000010007498        0x0
 .v4_bx         0x0000000010007498        0x0 linker stubs

.iplt           0x0000000010007498        0x0
 .iplt          0x0000000010007498        0x0 /Applications/ARM/bin/../lib/gcc/arm-none-eabi/10.2.1/thumb/v6-m/nofp/crtbegin.o

.rodata         0x0000000010007498     0x15e8
 *(EXCLUDE_FILE(*libm.a: *libc.a:*lib_a-mem*.o *libgcc.a:) .rodata*)
 .rodata.main.str1.4
                0x0000000010007498       0x23 CMakeFiles/Pico-Three-Way-Serial.dir/Pico-Three-Way-Serial.cpp.obj
 *fill*         0x00000000100074bb        0x1 
 .rodata.spin_lock_claim_unused.str1.4
                0x00000000100074bc       0x1b CMakeFiles/Pico-Three-Way-Serial.dir/Users/nick/Documents/Projects/HeadBoffinWeb/GitHub/pico-sdk/src/rp2_common/hardware_sync/sync.c.obj
 *fill*         0x00000000100074d7        0x1 
 .rodata.alarm_pool_dump_key.str1.4
                0x00000000100074d8       0x8f CMakeFiles/Pico-Three-Way-Serial.dir/Users/nick/Documents/Projects/HeadBoffinWeb/GitHub/pico-sdk/src/common/pico_time/time.c.obj
 *fill*         0x0000000010007567        0x1 
 .rodata.ph_add_child_node.str1.4
                0x0000000010007568       0xb6 CMakeFiles/Pico-Three-Way-Serial.dir/Users/nick/Documents/Projects/HeadBoffinWeb/GitHub/pico-sdk/src/common/pico_time/time.c.obj
 *fill*         0x000000001000761e        0x2 
 .rodata.add_alarm_under_lock.str1.4
                0x0000000010007620       0x27 CMakeFiles/Pico-Three-Way-Serial.dir/Users/nick/Documents/Projects/HeadBoffinWeb/GitHub/pico-sdk/src/common/pico_time/time.c.obj
 *fill*         0x0000000010007647        0x1 
 .rodata.alarm_pool_alarm_callback.str1.4
                0x0000000010007648       0x7d CMakeFiles/Pico-Three-Way-Serial.dir/Users/nick/Documents/Projects/HeadBoffinWeb/GitHub/pico-sdk/src/common/pico_time/time.c.obj
 *fill*         0x00000000100076c5        0x3 
 .rodata.alarm_pool_get_default.str1.4
                0x00000000100076c8       0x13 CMakeFiles/Pico-Three-Way-Serial.dir/Users/nick/Documents/Projects/HeadBoffinWeb/GitHub/pico-sdk/src/common/pico_time/time.c.obj
 *fill*         0x00000000100076db        0x1 
 .rodata.alarm_pool_cancel_alarm.str1.4
                0x00000000100076dc       0x27 CMakeFiles/Pico-Three-Way-Serial.dir/Users/nick/Documents/Projects/HeadBoffinWeb/GitHub/pico-sdk/src/common/pico_time/time.c.obj
 *fill*         0x0000000010007703        0x1 
 .rodata.__func__.0
                0x0000000010007704       0x18 CMakeFiles/Pico-Three-Way-Serial.dir/Users/nick/Documents/Projects/HeadBoffinWeb/GitHub/pico-sdk/src/common/pico_time/time.c.obj
 .rodata.__func__.10
                0x000000001000771c       0x17 CMakeFiles/Pico-Three-Way-Serial.dir/Users/nick/Documents/Projects/HeadBoffinWeb/GitHub/pico-sdk/src/common/pico_time/time.c.obj
 *fill*         0x0000000010007733        0x1 
 .rodata.__func__.2
                0x0000000010007734       0x12 CMakeFiles/Pico-Three-Way-Serial.dir/Users/nick/Documents/Projects/HeadBoffinWeb/GitHub/pico-sdk/src/common/pico_time/time.c.obj
 *fill*         0x0000000010007746        0x2 
 .rodata.__func__.3
                0x0000000010007748       0x14 CMakeFiles/Pico-Three-Way-Serial.dir/Users/nick/Documents/Projects/HeadBoffinWeb/GitHub/pico-sdk/src/common/pico_time/time.c.obj
 .rodata.__func__.4
                0x000000001000775c       0x12 CMakeFiles/Pico-Three-Way-Serial.dir/Users/nick/Documents/Projects/HeadBoffinWeb/GitHub/pico-sdk/src/common/pico_time/time.c.obj
 *fill*         0x000000001000776e        0x2 
 .rodata.__func__.5
                0x0000000010007770        0xa CMakeFiles/Pico-Three-Way-Serial.dir/Users/nick/Documents/Projects/HeadBoffinWeb/GitHub/pico-sdk/src/common/pico_time/time.c.obj
 *fill*         0x000000001000777a        0x2 
 .rodata.__func__.6
                0x000000001000777c        0xc CMakeFiles/Pico-Three-Way-Serial.dir/Users/nick/Documents/Projects/HeadBoffinWeb/GitHub/pico-sdk/src/common/pico_time/time.c.obj
 .rodata.__func__.7
                0x0000000010007788       0x15 CMakeFiles/Pico-Three-Way-Serial.dir/Users/nick/Documents/Projects/HeadBoffinWeb/GitHub/pico-sdk/src/common/pico_time/time.c.obj
 *fill*         0x000000001000779d        0x3 
 .rodata.__func__.8
                0x00000000100077a0       0x1a CMakeFiles/Pico-Three-Way-Serial.dir/Users/nick/Documents/Projects/HeadBoffinWeb/GitHub/pico-sdk/src/common/pico_time/time.c.obj
 *fill*         0x00000000100077ba        0x2 
 .rodata.__func__.9
                0x00000000100077bc        0xa CMakeFiles/Pico-Three-Way-Serial.dir/Users/nick/Documents/Projects/HeadBoffinWeb/GitHub/pico-sdk/src/common/pico_time/time.c.obj
 *fill*         0x00000000100077c6        0x2 
 .rodata.hardware_alarm_claim.str1.4
                0x00000000100077c8       0x22 CMakeFiles/Pico-Three-Way-Serial.dir/Users/nick/Documents/Projects/HeadBoffinWeb/GitHub/pico-sdk/src/rp2_common/hardware_timer/timer.c.obj
 *fill*         0x00000000100077ea        0x2 
 .rodata.hardware_alarm_set_target.str1.4
                0x00000000100077ec       0x87 CMakeFiles/Pico-Three-Way-Serial.dir/Users/nick/Documents/Projects/HeadBoffinWeb/GitHub/pico-sdk/src/rp2_common/hardware_timer/timer.c.obj
 *fill*         0x0000000010007873        0x1 
 .rodata.__func__.0
                0x0000000010007874       0x1a CMakeFiles/Pico-Three-Way-Serial.dir/Users/nick/Documents/Projects/HeadBoffinWeb/GitHub/pico-sdk/src/rp2_common/hardware_timer/timer.c.obj
 *fill*         0x000000001000788e        0x2 
 .rodata.lock_init.str1.4
                0x0000000010007890       0x8a CMakeFiles/Pico-Three-Way-Serial.dir/Users/nick/Documents/Projects/HeadBoffinWeb/GitHub/pico-sdk/src/common/pico_sync/lock_core.c.obj
 *fill*         0x000000001000791a        0x2 
 .rodata.__func__.0
                0x000000001000791c        0xa CMakeFiles/Pico-Three-Way-Serial.dir/Users/nick/Documents/Projects/HeadBoffinWeb/GitHub/pico-sdk/src/common/pico_sync/lock_core.c.obj
 *fill*         0x0000000010007926        0x2 
 .rodata.str1.4
                0x0000000010007928       0x80 CMakeFiles/Pico-Three-Way-Serial.dir/Users/nick/Documents/Projects/HeadBoffinWeb/GitHub/pico-sdk/src/common/pico_sync/mutex.c.obj
 .rodata.__func__.0
                0x00000000100079a8        0xb CMakeFiles/Pico-Three-Way-Serial.dir/Users/nick/Documents/Projects/HeadBoffinWeb/GitHub/pico-sdk/src/common/pico_sync/mutex.c.obj
 *fill*         0x00000000100079b3        0x1 
 .rodata.__func__.1
                0x00000000100079b4       0x18 CMakeFiles/Pico-Three-Way-Serial.dir/Users/nick/Documents/Projects/HeadBoffinWeb/GitHub/pico-sdk/src/common/pico_sync/mutex.c.obj
 .rodata.__func__.2
                0x00000000100079cc       0x15 CMakeFiles/Pico-Three-Way-Serial.dir/Users/nick/Documents/Projects/HeadBoffinWeb/GitHub/pico-sdk/src/common/pico_sync/mutex.c.obj
 .rodata.ph_add_child_node.str1.4
                0x00000000100079e1       0xb6 CMakeFiles/Pico-Three-Way-Serial.dir/Users/nick/Documents/Projects/HeadBoffinWeb/GitHub/pico-sdk/src/common/pico_util/pheap.c.obj
 *fill*         0x00000000100079e1        0x3 
 .rodata.ph_remove_any_head.str1.4
                0x00000000100079e4       0xb0 CMakeFiles/Pico-Three-Way-Serial.dir/Users/nick/Documents/Projects/HeadBoffinWeb/GitHub/pico-sdk/src/common/pico_util/pheap.c.obj
 .rodata.ph_delete.str1.4
                0x0000000010007a94       0x26 CMakeFiles/Pico-Three-Way-Serial.dir/Users/nick/Documents/Projects/HeadBoffinWeb/GitHub/pico-sdk/src/common/pico_util/pheap.c.obj
 *fill*         0x0000000010007aba        0x2 
 .rodata.__func__.0
                0x0000000010007abc        0xa CMakeFiles/Pico-Three-Way-Serial.dir/Users/nick/Documents/Projects/HeadBoffinWeb/GitHub/pico-sdk/src/common/pico_util/pheap.c.obj
 *fill*         0x0000000010007ac6        0x2 
 .rodata.__func__.1
                0x0000000010007ac8       0x13 CMakeFiles/Pico-Three-Way-Serial.dir/Users/nick/Documents/Projects/HeadBoffinWeb/GitHub/pico-sdk/src/common/pico_util/pheap.c.obj
 *fill*         0x0000000010007adb        0x1 
 .rodata.__func__.2
                0x0000000010007adc       0x12 CMakeFiles/Pico-Three-Way-Serial.dir/Users/nick/Documents/Projects/HeadBoffinWeb/GitHub/pico-sdk/src/common/pico_util/pheap.c.obj
 *fill*         0x0000000010007aee        0x2 
 .rodata.__func__.3
                0x0000000010007af0        0xc CMakeFiles/Pico-Three-Way-Serial.dir/Users/nick/Documents/Projects/HeadBoffinWeb/GitHub/pico-sdk/src/common/pico_util/pheap.c.obj
 .rodata.__assert_func.str1.4
                0x0000000010007afc       0x3f CMakeFiles/Pico-Three-Way-Serial.dir/Users/nick/Documents/Projects/HeadBoffinWeb/GitHub/pico-sdk/src/rp2_common/pico_runtime/runtime.c.obj
                                         0x43 (size before relaxing)
 *fill*         0x0000000010007b3b        0x1 
 .rodata.panic.str1.4
                0x0000000010007b3c       0x10 CMakeFiles/Pico-Three-Way-Serial.dir/Users/nick/Documents/Projects/HeadBoffinWeb/GitHub/pico-sdk/src/rp2_common/pico_runtime/runtime.c.obj
                                         0x12 (size before relaxing)
 .rodata.clock_configure.str1.4
                0x0000000010007b4c       0x79 CMakeFiles/Pico-Three-Way-Serial.dir/Users/nick/Documents/Projects/HeadBoffinWeb/GitHub/pico-sdk/src/rp2_common/hardware_clocks/clocks.c.obj
 *fill*         0x0000000010007bc5        0x3 
 .rodata.__func__.1
                0x0000000010007bc8       0x10 CMakeFiles/Pico-Three-Way-Serial.dir/Users/nick/Documents/Projects/HeadBoffinWeb/GitHub/pico-sdk/src/rp2_common/hardware_clocks/clocks.c.obj
 .rodata.pll_init.str1.4
                0x0000000010007bd8       0xfb CMakeFiles/Pico-Three-Way-Serial.dir/Users/nick/Documents/Projects/HeadBoffinWeb/GitHub/pico-sdk/src/rp2_common/hardware_pll/pll.c.obj
 *fill*         0x0000000010007cd3        0x1 
 .rodata.__func__.0
                0x0000000010007cd4        0x9 CMakeFiles/Pico-Three-Way-Serial.dir/Users/nick/Documents/Projects/HeadBoffinWeb/GitHub/pico-sdk/src/rp2_common/hardware_pll/pll.c.obj
 *fill*         0x0000000010007cdd        0x3 
 .rodata.make_branch.str1.4
                0x0000000010007ce0       0x6f CMakeFiles/Pico-Three-Way-Serial.dir/Users/nick/Documents/Projects/HeadBoffinWeb/GitHub/pico-sdk/src/rp2_common/hardware_irq/irq.c.obj
 *fill*         0x0000000010007d4f        0x1 
 .rodata.irq_set_exclusive_handler.str1.4
                0x0000000010007d50       0x36 CMakeFiles/Pico-Three-Way-Serial.dir/Users/nick/Documents/Projects/HeadBoffinWeb/GitHub/pico-sdk/src/rp2_common/hardware_irq/irq.c.obj
 *fill*         0x0000000010007d86        0x2 
 .rodata.irq_add_shared_handler.str1.4
                0x0000000010007d88       0xd9 CMakeFiles/Pico-Three-Way-Serial.dir/Users/nick/Documents/Projects/HeadBoffinWeb/GitHub/pico-sdk/src/rp2_common/hardware_irq/irq.c.obj
 *fill*         0x0000000010007e61        0x3 
 .rodata.irq_remove_handler.str1.4
                0x0000000010007e64       0x2a CMakeFiles/Pico-Three-Way-Serial.dir/Users/nick/Documents/Projects/HeadBoffinWeb/GitHub/pico-sdk/src/rp2_common/hardware_irq/irq.c.obj
 *fill*         0x0000000010007e8e        0x2 
 .rodata.irq_add_tail_to_free_list.str1.4
                0x0000000010007e90       0x32 CMakeFiles/Pico-Three-Way-Serial.dir/Users/nick/Documents/Projects/HeadBoffinWeb/GitHub/pico-sdk/src/rp2_common/hardware_irq/irq.c.obj
                                         0x3a (size before relaxing)
 *fill*         0x0000000010007ec2        0x2 
 .rodata.__func__.0
                0x0000000010007ec4       0x1a CMakeFiles/Pico-Three-Way-Serial.dir/Users/nick/Documents/Projects/HeadBoffinWeb/GitHub/pico-sdk/src/rp2_common/hardware_irq/irq.c.obj
 *fill*         0x0000000010007ede        0x2 
 .rodata.__func__.1
                0x0000000010007ee0       0x17 CMakeFiles/Pico-Three-Way-Serial.dir/Users/nick/Documents/Projects/HeadBoffinWeb/GitHub/pico-sdk/src/rp2_common/hardware_irq/irq.c.obj
 *fill*         0x0000000010007ef7        0x1 
 .rodata.__func__.2
                0x0000000010007ef8       0x13 CMakeFiles/Pico-Three-Way-Serial.dir/Users/nick/Documents/Projects/HeadBoffinWeb/GitHub/pico-sdk/src/rp2_common/hardware_irq/irq.c.obj
 *fill*         0x0000000010007f0b        0x1 
 .rodata.__func__.3
                0x0000000010007f0c        0xc CMakeFiles/Pico-Three-Way-Serial.dir/Users/nick/Documents/Projects/HeadBoffinWeb/GitHub/pico-sdk/src/rp2_common/hardware_irq/irq.c.obj
 .rodata.__func__.4
                0x0000000010007f18        0xf CMakeFiles/Pico-Three-Way-Serial.dir/Users/nick/Documents/Projects/HeadBoffinWeb/GitHub/pico-sdk/src/rp2_common/hardware_irq/irq.c.obj
 *fill*         0x0000000010007f27        0x1 
 .rodata.__func__.6
                0x0000000010007f28       0x1a CMakeFiles/Pico-Three-Way-Serial.dir/Users/nick/Documents/Projects/HeadBoffinWeb/GitHub/pico-sdk/src/rp2_common/hardware_irq/irq.c.obj
 *fill*         0x0000000010007f42        0x2 
 .rodata._ftoa.str1.4
                0x0000000010007f44       0x15 CMakeFiles/Pico-Three-Way-Serial.dir/Users/nick/Documents/Projects/HeadBoffinWeb/GitHub/pico-sdk/src/rp2_common/pico_printf/printf.c.obj
 *fill*         0x0000000010007f59        0x3 
 .rodata._vsnprintf
                0x0000000010007f5c      0x1e0 CMakeFiles/Pico-Three-Way-Serial.dir/Users/nick/Documents/Projects/HeadBoffinWeb/GitHub/pico-sdk/src/rp2_common/pico_printf/printf.c.obj
 *fill*         0x000000001000813c        0x4 
 .rodata.pow10.0
                0x0000000010008140       0x50 CMakeFiles/Pico-Three-Way-Serial.dir/Users/nick/Documents/Projects/HeadBoffinWeb/GitHub/pico-sdk/src/rp2_common/pico_printf/printf.c.obj
 .rodata.__aeabi_double_init.str1.4
                0x0000000010008190       0xca CMakeFiles/Pico-Three-Way-Serial.dir/Users/nick/Documents/Projects/HeadBoffinWeb/GitHub/pico-sdk/src/rp2_common/pico_double/double_init_rom.c.obj
 *fill*         0x000000001000825a        0x2 
 .rodata.__func__.0
                0x000000001000825c       0x14 CMakeFiles/Pico-Three-Way-Serial.dir/Users/nick/Documents/Projects/HeadBoffinWeb/GitHub/pico-sdk/src/rp2_common/pico_double/double_init_rom.c.obj
 .rodata.__aeabi_float_init.str1.4
                0x0000000010008270       0x9c CMakeFiles/Pico-Three-Way-Serial.dir/Users/nick/Documents/Projects/HeadBoffinWeb/GitHub/pico-sdk/src/rp2_common/pico_float/float_init_rom.c.obj
                                         0xa0 (size before relaxing)
 .rodata.__func__.0
                0x000000001000830c       0x13 CMakeFiles/Pico-Three-Way-Serial.dir/Users/nick/Documents/Projects/HeadBoffinWeb/GitHub/pico-sdk/src/rp2_common/pico_float/float_init_rom.c.obj
 *fill*         0x000000001000831f        0x1 
 .rodata.str1.4
                0x0000000010008320       0x40 CMakeFiles/Pico-Three-Way-Serial.dir/Users/nick/Documents/Projects/HeadBoffinWeb/GitHub/pico-sdk/src/rp2_common/pico_standard_link/binary_info.c.obj
 .rodata.__bi_40
                0x0000000010008360        0xc CMakeFiles/Pico-Three-Way-Serial.dir/Users/nick/Documents/Projects/HeadBoffinWeb/GitHub/pico-sdk/src/rp2_common/pico_standard_link/binary_info.c.obj
 .rodata.__bi_52
                0x000000001000836c        0xc CMakeFiles/Pico-Three-Way-Serial.dir/Users/nick/Documents/Projects/HeadBoffinWeb/GitHub/pico-sdk/src/rp2_common/pico_standard_link/binary_info.c.obj
 .rodata.__bi_71
                0x0000000010008378        0xc CMakeFiles/Pico-Three-Way-Serial.dir/Users/nick/Documents/Projects/HeadBoffinWeb/GitHub/pico-sdk/src/rp2_common/pico_standard_link/binary_info.c.obj
 .rodata.getchar_timeout_us.str1.4
                0x0000000010008384       0x5f CMakeFiles/Pico-Three-Way-Serial.dir/Users/nick/Documents/Projects/HeadBoffinWeb/GitHub/pico-sdk/src/rp2_common/pico_stdio/stdio.c.obj
                                         0x63 (size before relaxing)
 *fill*         0x00000000100083e3        0x1 
 .rodata.__func__.0
                0x00000000100083e4       0x13 CMakeFiles/Pico-Three-Way-Serial.dir/Users/nick/Documents/Projects/HeadBoffinWeb/GitHub/pico-sdk/src/rp2_common/pico_stdio/stdio.c.obj
 *fill*         0x00000000100083f7        0x1 
 .rodata.crlf_str.1
                0x00000000100083f8        0x2 CMakeFiles/Pico-Three-Way-Serial.dir/Users/nick/Documents/Projects/HeadBoffinWeb/GitHub/pico-sdk/src/rp2_common/pico_stdio/stdio.c.obj
 *fill*         0x00000000100083fa        0x2 
 .rodata.str1.4
                0x00000000100083fc       0x13 CMakeFiles/Pico-Three-Way-Serial.dir/Users/nick/Documents/Projects/HeadBoffinWeb/GitHub/pico-sdk/src/rp2_common/pico_stdio_usb/stdio_usb.c.obj
 *fill*         0x000000001000840f        0x1 
 .rodata.__bi_93.0
                0x0000000010008410        0xc CMakeFiles/Pico-Three-Way-Serial.dir/Users/nick/Documents/Projects/HeadBoffinWeb/GitHub/pico-sdk/src/rp2_common/pico_stdio_usb/stdio_usb.c.obj
 .rodata.str1.4
                0x000000001000841c       0x32 CMakeFiles/Pico-Three-Way-Serial.dir/Users/nick/Documents/Projects/HeadBoffinWeb/GitHub/pico-sdk/src/rp2_common/pico_stdio_usb/stdio_usb_descriptors.c.obj
 *fill*         0x000000001000844e        0x2 
 .rodata.usbd_desc_cfg
                0x0000000010008450       0x4b CMakeFiles/Pico-Three-Way-Serial.dir/Users/nick/Documents/Projects/HeadBoffinWeb/GitHub/pico-sdk/src/rp2_common/pico_stdio_usb/stdio_usb_descriptors.c.obj
 *fill*         0x000000001000849b        0x1 
 .rodata.usbd_desc_device
                0x000000001000849c       0x12 CMakeFiles/Pico-Three-Way-Serial.dir/Users/nick/Documents/Projects/HeadBoffinWeb/GitHub/pico-sdk/src/rp2_common/pico_stdio_usb/stdio_usb_descriptors.c.obj
 *fill*         0x00000000100084ae        0x2 
 .rodata.usbd_desc_str
                0x00000000100084b0       0x14 CMakeFiles/Pico-Three-Way-Serial.dir/Users/nick/Documents/Projects/HeadBoffinWeb/GitHub/pico-sdk/src/rp2_common/pico_stdio_usb/stdio_usb_descriptors.c.obj
 .rodata._hw_endpoint_alloc.str1.4
                0x00000000100084c4       0xd9 CMakeFiles/Pico-Three-Way-Serial.dir/Users/nick/Documents/Projects/HeadBoffinWeb/GitHub/pico-sdk/lib/tinyusb/src/portable/raspberrypi/rp2040/dcd_rp2040.c.obj
 *fill*         0x000000001000859d        0x3 
 .rodata._hw_endpoint_init.str1.4
                0x00000000100085a0       0x28 CMakeFiles/Pico-Three-Way-Serial.dir/Users/nick/Documents/Projects/HeadBoffinWeb/GitHub/pico-sdk/lib/tinyusb/src/portable/raspberrypi/rp2040/dcd_rp2040.c.obj
 .rodata.hw_handle_buff_status.str1.4
                0x00000000100085c8        0xb CMakeFiles/Pico-Three-Way-Serial.dir/Users/nick/Documents/Projects/HeadBoffinWeb/GitHub/pico-sdk/lib/tinyusb/src/portable/raspberrypi/rp2040/dcd_rp2040.c.obj
 *fill*         0x00000000100085d3        0x1 
 .rodata.dcd_rp2040_irq.str1.4
                0x00000000100085d4       0x14 CMakeFiles/Pico-Three-Way-Serial.dir/Users/nick/Documents/Projects/HeadBoffinWeb/GitHub/pico-sdk/lib/tinyusb/src/portable/raspberrypi/rp2040/dcd_rp2040.c.obj
 .rodata._hw_endpoint_stall.str1.4
                0x00000000100085e8        0xd CMakeFiles/Pico-Three-Way-Serial.dir/Users/nick/Documents/Projects/HeadBoffinWeb/GitHub/pico-sdk/lib/tinyusb/src/portable/raspberrypi/rp2040/dcd_rp2040.c.obj
 *fill*         0x00000000100085f5        0x3 
 .rodata.dcd_int_enable.str1.4
                0x00000000100085f8        0xc CMakeFiles/Pico-Three-Way-Serial.dir/Users/nick/Documents/Projects/HeadBoffinWeb/GitHub/pico-sdk/lib/tinyusb/src/portable/raspberrypi/rp2040/dcd_rp2040.c.obj
 .rodata.__func__.0
                0x0000000010008604       0x15 CMakeFiles/Pico-Three-Way-Serial.dir/Users/nick/Documents/Projects/HeadBoffinWeb/GitHub/pico-sdk/lib/tinyusb/src/portable/raspberrypi/rp2040/dcd_rp2040.c.obj
 *fill*         0x0000000010008619        0x3 
 .rodata.__func__.1
                0x000000001000861c       0x13 CMakeFiles/Pico-Three-Way-Serial.dir/Users/nick/Documents/Projects/HeadBoffinWeb/GitHub/pico-sdk/lib/tinyusb/src/portable/raspberrypi/rp2040/dcd_rp2040.c.obj
 *fill*         0x000000001000862f        0x1 
 .rodata.__func__.10
                0x0000000010008630        0xf CMakeFiles/Pico-Three-Way-Serial.dir/Users/nick/Documents/Projects/HeadBoffinWeb/GitHub/pico-sdk/lib/tinyusb/src/portable/raspberrypi/rp2040/dcd_rp2040.c.obj
 *fill*         0x000000001000863f        0x1 
 .rodata.__func__.11
                0x0000000010008640       0x13 CMakeFiles/Pico-Three-Way-Serial.dir/Users/nick/Documents/Projects/HeadBoffinWeb/GitHub/pico-sdk/lib/tinyusb/src/portable/raspberrypi/rp2040/dcd_rp2040.c.obj
 *fill*         0x0000000010008653        0x1 
 .rodata.__func__.12
                0x0000000010008654       0x16 CMakeFiles/Pico-Three-Way-Serial.dir/Users/nick/Documents/Projects/HeadBoffinWeb/GitHub/pico-sdk/lib/tinyusb/src/portable/raspberrypi/rp2040/dcd_rp2040.c.obj
 *fill*         0x000000001000866a        0x2 
 .rodata.__func__.13
                0x000000001000866c        0x9 CMakeFiles/Pico-Three-Way-Serial.dir/Users/nick/Documents/Projects/HeadBoffinWeb/GitHub/pico-sdk/lib/tinyusb/src/portable/raspberrypi/rp2040/dcd_rp2040.c.obj
 *fill*         0x0000000010008675        0x3 
 .rodata.__func__.2
                0x0000000010008678        0xf CMakeFiles/Pico-Three-Way-Serial.dir/Users/nick/Documents/Projects/HeadBoffinWeb/GitHub/pico-sdk/lib/tinyusb/src/portable/raspberrypi/rp2040/dcd_rp2040.c.obj
 *fill*         0x0000000010008687        0x1 
 .rodata.__func__.3
                0x0000000010008688        0xe CMakeFiles/Pico-Three-Way-Serial.dir/Users/nick/Documents/Projects/HeadBoffinWeb/GitHub/pico-sdk/lib/tinyusb/src/portable/raspberrypi/rp2040/dcd_rp2040.c.obj
 *fill*         0x0000000010008696        0x2 
 .rodata.__func__.4
                0x0000000010008698        0xe CMakeFiles/Pico-Three-Way-Serial.dir/Users/nick/Documents/Projects/HeadBoffinWeb/GitHub/pico-sdk/lib/tinyusb/src/portable/raspberrypi/rp2040/dcd_rp2040.c.obj
 *fill*         0x00000000100086a6        0x2 
 .rodata.__func__.5
                0x00000000100086a8       0x1a CMakeFiles/Pico-Three-Way-Serial.dir/Users/nick/Documents/Projects/HeadBoffinWeb/GitHub/pico-sdk/lib/tinyusb/src/portable/raspberrypi/rp2040/dcd_rp2040.c.obj
 *fill*         0x00000000100086c2        0x2 
 .rodata.__func__.6